Archive member included because of file (symbol)

d:/embedded systems library/program/sdk_win_64/sdk_win_64/winavr/bin/../lib/gcc/avr/4.3.3/avr5\libgcc.a(_mulsi3.o)
                              ./MCAL/MTIMER0/MTIMER0_program.o (__mulsi3)
d:/embedded systems library/program/sdk_win_64/sdk_win_64/winavr/bin/../lib/gcc/avr/4.3.3/avr5\libgcc.a(_divmodhi4.o)
                              ./MCAL/MTIMER0/MTIMER0_program.o (__divmodhi4)
d:/embedded systems library/program/sdk_win_64/sdk_win_64/winavr/bin/../lib/gcc/avr/4.3.3/avr5\libgcc.a(_udivmodsi4.o)
                              ./HAL/UlTRASONIC/UlTRASONIC_program.o (__udivmodsi4)
d:/embedded systems library/program/sdk_win_64/sdk_win_64/winavr/bin/../lib/gcc/avr/4.3.3/avr5\libgcc.a(_divmodsi4.o)
                              ./HAL/HCLCD/CLCD_prog.o (__divmodsi4)
d:/embedded systems library/program/sdk_win_64/sdk_win_64/winavr/bin/../lib/gcc/avr/4.3.3/avr5\libgcc.a(_exit.o)
                              d:/embedded systems library/program/sdk_win_64/sdk_win_64/winavr/bin/../lib/gcc/avr/4.3.3/../../../../avr/lib/avr5/crtm32.o (exit)
d:/embedded systems library/program/sdk_win_64/sdk_win_64/winavr/bin/../lib/gcc/avr/4.3.3/avr5\libgcc.a(_copy_data.o)
                              ./MCAL/MTIMER0/MTIMER0_program.o (__do_copy_data)
d:/embedded systems library/program/sdk_win_64/sdk_win_64/winavr/bin/../lib/gcc/avr/4.3.3/avr5\libgcc.a(_clear_bss.o)
                              ./MCAL/MTIMER1/TIMER_prog.o (__do_clear_bss)
d:/embedded systems library/program/sdk_win_64/sdk_win_64/winavr/bin/../lib/gcc/avr/4.3.3/avr5\libgcc.a(_fixunssfsi.o)
                              ./MCAL/MTIMER0/MTIMER0_program.o (__fixunssfsi)
d:/embedded systems library/program/sdk_win_64/sdk_win_64/winavr/bin/../lib/gcc/avr/4.3.3/avr5\libgcc.a(_addsub_sf.o)
                              ./HAL/HCLCD/CLCD_prog.o (__subsf3)
d:/embedded systems library/program/sdk_win_64/sdk_win_64/winavr/bin/../lib/gcc/avr/4.3.3/avr5\libgcc.a(_mul_sf.o)
                              ./HAL/UlTRASONIC/UlTRASONIC_program.o (__mulsf3)
d:/embedded systems library/program/sdk_win_64/sdk_win_64/winavr/bin/../lib/gcc/avr/4.3.3/avr5\libgcc.a(_div_sf.o)
                              ./MCAL/MTIMER0/MTIMER0_program.o (__divsf3)
d:/embedded systems library/program/sdk_win_64/sdk_win_64/winavr/bin/../lib/gcc/avr/4.3.3/avr5\libgcc.a(_eq_sf.o)
                              ./HAL/HCLCD/CLCD_prog.o (__eqsf2)
d:/embedded systems library/program/sdk_win_64/sdk_win_64/winavr/bin/../lib/gcc/avr/4.3.3/avr5\libgcc.a(_gt_sf.o)
                              ./HAL/UlTRASONIC/UlTRASONIC_program.o (__gtsf2)
d:/embedded systems library/program/sdk_win_64/sdk_win_64/winavr/bin/../lib/gcc/avr/4.3.3/avr5\libgcc.a(_ge_sf.o)
                              d:/embedded systems library/program/sdk_win_64/sdk_win_64/winavr/bin/../lib/gcc/avr/4.3.3/avr5\libgcc.a(_fixunssfsi.o) (__gesf2)
d:/embedded systems library/program/sdk_win_64/sdk_win_64/winavr/bin/../lib/gcc/avr/4.3.3/avr5\libgcc.a(_lt_sf.o)
                              ./HAL/UlTRASONIC/UlTRASONIC_program.o (__ltsf2)
d:/embedded systems library/program/sdk_win_64/sdk_win_64/winavr/bin/../lib/gcc/avr/4.3.3/avr5\libgcc.a(_si_to_sf.o)
                              ./HAL/HCLCD/CLCD_prog.o (__floatsisf)
d:/embedded systems library/program/sdk_win_64/sdk_win_64/winavr/bin/../lib/gcc/avr/4.3.3/avr5\libgcc.a(_sf_to_si.o)
                              ./HAL/HCLCD/CLCD_prog.o (__fixsfsi)
d:/embedded systems library/program/sdk_win_64/sdk_win_64/winavr/bin/../lib/gcc/avr/4.3.3/avr5\libgcc.a(_thenan_sf.o)
                              d:/embedded systems library/program/sdk_win_64/sdk_win_64/winavr/bin/../lib/gcc/avr/4.3.3/avr5\libgcc.a(_addsub_sf.o) (__thenan_sf)
d:/embedded systems library/program/sdk_win_64/sdk_win_64/winavr/bin/../lib/gcc/avr/4.3.3/avr5\libgcc.a(_usi_to_sf.o)
                              ./MCAL/MTIMER0/MTIMER0_program.o (__floatunsisf)
d:/embedded systems library/program/sdk_win_64/sdk_win_64/winavr/bin/../lib/gcc/avr/4.3.3/avr5\libgcc.a(_udivmodhi4.o)
                              d:/embedded systems library/program/sdk_win_64/sdk_win_64/winavr/bin/../lib/gcc/avr/4.3.3/avr5\libgcc.a(_divmodhi4.o) (__udivmodhi4)
d:/embedded systems library/program/sdk_win_64/sdk_win_64/winavr/bin/../lib/gcc/avr/4.3.3/avr5\libgcc.a(_prologue.o)
                              d:/embedded systems library/program/sdk_win_64/sdk_win_64/winavr/bin/../lib/gcc/avr/4.3.3/avr5\libgcc.a(_addsub_sf.o) (__prologue_saves__)
d:/embedded systems library/program/sdk_win_64/sdk_win_64/winavr/bin/../lib/gcc/avr/4.3.3/avr5\libgcc.a(_epilogue.o)
                              d:/embedded systems library/program/sdk_win_64/sdk_win_64/winavr/bin/../lib/gcc/avr/4.3.3/avr5\libgcc.a(_addsub_sf.o) (__epilogue_restores__)
d:/embedded systems library/program/sdk_win_64/sdk_win_64/winavr/bin/../lib/gcc/avr/4.3.3/avr5\libgcc.a(_clzsi2.o)
                              d:/embedded systems library/program/sdk_win_64/sdk_win_64/winavr/bin/../lib/gcc/avr/4.3.3/avr5\libgcc.a(_si_to_sf.o) (__clzsi2)
d:/embedded systems library/program/sdk_win_64/sdk_win_64/winavr/bin/../lib/gcc/avr/4.3.3/avr5\libgcc.a(_pack_sf.o)
                              d:/embedded systems library/program/sdk_win_64/sdk_win_64/winavr/bin/../lib/gcc/avr/4.3.3/avr5\libgcc.a(_addsub_sf.o) (__pack_f)
d:/embedded systems library/program/sdk_win_64/sdk_win_64/winavr/bin/../lib/gcc/avr/4.3.3/avr5\libgcc.a(_unpack_sf.o)
                              d:/embedded systems library/program/sdk_win_64/sdk_win_64/winavr/bin/../lib/gcc/avr/4.3.3/avr5\libgcc.a(_addsub_sf.o) (__unpack_f)
d:/embedded systems library/program/sdk_win_64/sdk_win_64/winavr/bin/../lib/gcc/avr/4.3.3/avr5\libgcc.a(_fpcmp_parts_sf.o)
                              d:/embedded systems library/program/sdk_win_64/sdk_win_64/winavr/bin/../lib/gcc/avr/4.3.3/avr5\libgcc.a(_eq_sf.o) (__fpcmp_parts_f)
d:/embedded systems library/program/sdk_win_64/sdk_win_64/winavr/bin/../lib/gcc/avr/4.3.3/avr5\libgcc.a(_clz.o)
                              d:/embedded systems library/program/sdk_win_64/sdk_win_64/winavr/bin/../lib/gcc/avr/4.3.3/avr5\libgcc.a(_clzsi2.o) (__clz_tab)

Memory Configuration

Name             Origin             Length             Attributes
text             0x00000000         0x00020000         xr
data             0x00800060         0x0000ffa0         rw !x
eeprom           0x00810000         0x00010000         rw !x
fuse             0x00820000         0x00000400         rw !x
lock             0x00830000         0x00000400         rw !x
signature        0x00840000         0x00000400         rw !x
*default*        0x00000000         0xffffffff

Linker script and memory map

LOAD d:/embedded systems library/program/sdk_win_64/sdk_win_64/winavr/bin/../lib/gcc/avr/4.3.3/../../../../avr/lib/avr5/crtm32.o
LOAD ./MCAL/MTIMER1/TIMER_prog.o
LOAD ./MCAL/MTIMER0/MTIMER0_program.o
LOAD ./MCAL/MGIE/MGIE_prog.o
LOAD ./MCAL/MEXTI/MEXTI_prog.o
LOAD ./MCAL/MDIO/MDIO_program.o
LOAD ./MCAL/MADC/MADC_prog.o
LOAD ./HAL/UlTRASONIC/UlTRASONIC_program.o
LOAD ./HAL/HSSD/HSSD_prog.o
LOAD ./HAL/HPB/HPB_program.o
LOAD ./HAL/HLED/HLED_program.o
LOAD ./HAL/HKEYPAD/KEYPAD_prog.o
LOAD ./HAL/HDCMOTOR/HDCMOTOR_program.o
LOAD ./HAL/HCLCD/CLCD_prog.o
LOAD ./main.o
LOAD d:/embedded systems library/program/sdk_win_64/sdk_win_64/winavr/bin/../lib/gcc/avr/4.3.3/avr5\libgcc.a
LOAD d:/embedded systems library/program/sdk_win_64/sdk_win_64/winavr/bin/../lib/gcc/avr/4.3.3/../../../../avr/lib/avr5\libc.a
LOAD d:/embedded systems library/program/sdk_win_64/sdk_win_64/winavr/bin/../lib/gcc/avr/4.3.3/avr5\libgcc.a

.hash
 *(.hash)

.dynsym
 *(.dynsym)

.dynstr
 *(.dynstr)

.gnu.version
 *(.gnu.version)

.gnu.version_d
 *(.gnu.version_d)

.gnu.version_r
 *(.gnu.version_r)

.rel.init
 *(.rel.init)

.rela.init
 *(.rela.init)

.rel.text
 *(.rel.text)
 *(.rel.text.*)
 *(.rel.gnu.linkonce.t*)

.rela.text
 *(.rela.text)
 *(.rela.text.*)
 *(.rela.gnu.linkonce.t*)

.rel.fini
 *(.rel.fini)

.rela.fini
 *(.rela.fini)

.rel.rodata
 *(.rel.rodata)
 *(.rel.rodata.*)
 *(.rel.gnu.linkonce.r*)

.rela.rodata
 *(.rela.rodata)
 *(.rela.rodata.*)
 *(.rela.gnu.linkonce.r*)

.rel.data
 *(.rel.data)
 *(.rel.data.*)
 *(.rel.gnu.linkonce.d*)

.rela.data
 *(.rela.data)
 *(.rela.data.*)
 *(.rela.gnu.linkonce.d*)

.rel.ctors
 *(.rel.ctors)

.rela.ctors
 *(.rela.ctors)

.rel.dtors
 *(.rel.dtors)

.rela.dtors
 *(.rela.dtors)

.rel.got
 *(.rel.got)

.rela.got
 *(.rela.got)

.rel.bss
 *(.rel.bss)

.rela.bss
 *(.rela.bss)

.rel.plt
 *(.rel.plt)

.rela.plt
 *(.rela.plt)

.text           0x00000000     0x4722
 *(.vectors)
 .vectors       0x00000000       0x54 d:/embedded systems library/program/sdk_win_64/sdk_win_64/winavr/bin/../lib/gcc/avr/4.3.3/../../../../avr/lib/avr5/crtm32.o
                0x00000000                __vectors
                0x00000000                __vector_default
 *(.vectors)
 *(.progmem.gcc*)
 *(.progmem*)
                0x00000054                . = ALIGN (0x2)
                0x00000054                __trampolines_start = .
 *(.trampolines)
 .trampolines   0x00000054        0x0 linker stubs
 *(.trampolines*)
                0x00000054                __trampolines_end = .
 *(.jumptables)
 *(.jumptables*)
 *(.lowtext)
 *(.lowtext*)
                0x00000054                __ctors_start = .
 *(.ctors)
                0x00000054                __ctors_end = .
                0x00000054                __dtors_start = .
 *(.dtors)
                0x00000054                __dtors_end = .
 SORT(*)(.ctors)
 SORT(*)(.dtors)
 *(.init0)
 .init0         0x00000054        0x0 d:/embedded systems library/program/sdk_win_64/sdk_win_64/winavr/bin/../lib/gcc/avr/4.3.3/../../../../avr/lib/avr5/crtm32.o
                0x00000054                __init
 *(.init0)
 *(.init1)
 *(.init1)
 *(.init2)
 .init2         0x00000054        0xc d:/embedded systems library/program/sdk_win_64/sdk_win_64/winavr/bin/../lib/gcc/avr/4.3.3/../../../../avr/lib/avr5/crtm32.o
 *(.init2)
 *(.init3)
 *(.init3)
 *(.init4)
 .init4         0x00000060       0x16 d:/embedded systems library/program/sdk_win_64/sdk_win_64/winavr/bin/../lib/gcc/avr/4.3.3/avr5\libgcc.a(_copy_data.o)
                0x00000060                __do_copy_data
 .init4         0x00000076       0x10 d:/embedded systems library/program/sdk_win_64/sdk_win_64/winavr/bin/../lib/gcc/avr/4.3.3/avr5\libgcc.a(_clear_bss.o)
                0x00000076                __do_clear_bss
 *(.init4)
 *(.init5)
 *(.init5)
 *(.init6)
 *(.init6)
 *(.init7)
 *(.init7)
 *(.init8)
 *(.init8)
 *(.init9)
 .init9         0x00000086        0x8 d:/embedded systems library/program/sdk_win_64/sdk_win_64/winavr/bin/../lib/gcc/avr/4.3.3/../../../../avr/lib/avr5/crtm32.o
 *(.init9)
 *(.text)
 .text          0x0000008e        0x4 d:/embedded systems library/program/sdk_win_64/sdk_win_64/winavr/bin/../lib/gcc/avr/4.3.3/../../../../avr/lib/avr5/crtm32.o
                0x0000008e                __vector_12
                0x0000008e                __bad_interrupt
                0x0000008e                __vector_11
                0x0000008e                __vector_13
                0x0000008e                __vector_17
                0x0000008e                __vector_19
                0x0000008e                __vector_7
                0x0000008e                __vector_5
                0x0000008e                __vector_4
                0x0000008e                __vector_9
                0x0000008e                __vector_15
                0x0000008e                __vector_8
                0x0000008e                __vector_14
                0x0000008e                __vector_18
                0x0000008e                __vector_20
 .text          0x00000092        0x0 ./MCAL/MTIMER1/TIMER_prog.o
 .text          0x00000092        0x0 ./MCAL/MTIMER0/MTIMER0_program.o
 .text          0x00000092        0x0 ./MCAL/MGIE/MGIE_prog.o
 .text          0x00000092        0x0 ./MCAL/MEXTI/MEXTI_prog.o
 .text          0x00000092        0x0 ./MCAL/MDIO/MDIO_program.o
 .text          0x00000092        0x0 ./MCAL/MADC/MADC_prog.o
 .text          0x00000092        0x0 ./HAL/UlTRASONIC/UlTRASONIC_program.o
 .text          0x00000092        0x0 ./HAL/HSSD/HSSD_prog.o
 .text          0x00000092        0x0 ./HAL/HPB/HPB_program.o
 .text          0x00000092        0x0 ./HAL/HLED/HLED_program.o
 .text          0x00000092        0x0 ./HAL/HKEYPAD/KEYPAD_prog.o
 .text          0x00000092        0x0 ./HAL/HDCMOTOR/HDCMOTOR_program.o
 .text          0x00000092        0x0 ./HAL/HCLCD/CLCD_prog.o
 .text          0x00000092        0x0 ./main.o
 .text          0x00000092        0x0 d:/embedded systems library/program/sdk_win_64/sdk_win_64/winavr/bin/../lib/gcc/avr/4.3.3/avr5\libgcc.a(_mulsi3.o)
 .text          0x00000092        0x0 d:/embedded systems library/program/sdk_win_64/sdk_win_64/winavr/bin/../lib/gcc/avr/4.3.3/avr5\libgcc.a(_divmodhi4.o)
 .text          0x00000092        0x0 d:/embedded systems library/program/sdk_win_64/sdk_win_64/winavr/bin/../lib/gcc/avr/4.3.3/avr5\libgcc.a(_udivmodsi4.o)
 .text          0x00000092        0x0 d:/embedded systems library/program/sdk_win_64/sdk_win_64/winavr/bin/../lib/gcc/avr/4.3.3/avr5\libgcc.a(_divmodsi4.o)
 .text          0x00000092        0x0 d:/embedded systems library/program/sdk_win_64/sdk_win_64/winavr/bin/../lib/gcc/avr/4.3.3/avr5\libgcc.a(_exit.o)
 .text          0x00000092        0x0 d:/embedded systems library/program/sdk_win_64/sdk_win_64/winavr/bin/../lib/gcc/avr/4.3.3/avr5\libgcc.a(_copy_data.o)
 .text          0x00000092        0x0 d:/embedded systems library/program/sdk_win_64/sdk_win_64/winavr/bin/../lib/gcc/avr/4.3.3/avr5\libgcc.a(_clear_bss.o)
 .text          0x00000092       0x58 d:/embedded systems library/program/sdk_win_64/sdk_win_64/winavr/bin/../lib/gcc/avr/4.3.3/avr5\libgcc.a(_fixunssfsi.o)
                0x00000092                __fixunssfsi
 .text          0x000000ea      0x354 d:/embedded systems library/program/sdk_win_64/sdk_win_64/winavr/bin/../lib/gcc/avr/4.3.3/avr5\libgcc.a(_addsub_sf.o)
                0x00000382                __subsf3
                0x000003e4                __addsf3
 .text          0x0000043e      0x1f4 d:/embedded systems library/program/sdk_win_64/sdk_win_64/winavr/bin/../lib/gcc/avr/4.3.3/avr5\libgcc.a(_mul_sf.o)
                0x0000043e                __mulsf3
 .text          0x00000632      0x158 d:/embedded systems library/program/sdk_win_64/sdk_win_64/winavr/bin/../lib/gcc/avr/4.3.3/avr5\libgcc.a(_div_sf.o)
                0x00000632                __divsf3
 .text          0x0000078a       0x60 d:/embedded systems library/program/sdk_win_64/sdk_win_64/winavr/bin/../lib/gcc/avr/4.3.3/avr5\libgcc.a(_eq_sf.o)
                0x0000078a                __eqsf2
 .text          0x000007ea       0x60 d:/embedded systems library/program/sdk_win_64/sdk_win_64/winavr/bin/../lib/gcc/avr/4.3.3/avr5\libgcc.a(_gt_sf.o)
                0x000007ea                __gtsf2
 .text          0x0000084a       0x60 d:/embedded systems library/program/sdk_win_64/sdk_win_64/winavr/bin/../lib/gcc/avr/4.3.3/avr5\libgcc.a(_ge_sf.o)
                0x0000084a                __gesf2
 .text          0x000008aa       0x60 d:/embedded systems library/program/sdk_win_64/sdk_win_64/winavr/bin/../lib/gcc/avr/4.3.3/avr5\libgcc.a(_lt_sf.o)
                0x000008aa                __ltsf2
 .text          0x0000090a       0xbc d:/embedded systems library/program/sdk_win_64/sdk_win_64/winavr/bin/../lib/gcc/avr/4.3.3/avr5\libgcc.a(_si_to_sf.o)
                0x0000090a                __floatsisf
 .text          0x000009c6       0xa8 d:/embedded systems library/program/sdk_win_64/sdk_win_64/winavr/bin/../lib/gcc/avr/4.3.3/avr5\libgcc.a(_sf_to_si.o)
                0x000009c6                __fixsfsi
 .text          0x00000a6e        0x0 d:/embedded systems library/program/sdk_win_64/sdk_win_64/winavr/bin/../lib/gcc/avr/4.3.3/avr5\libgcc.a(_thenan_sf.o)
 .text          0x00000a6e       0xf2 d:/embedded systems library/program/sdk_win_64/sdk_win_64/winavr/bin/../lib/gcc/avr/4.3.3/avr5\libgcc.a(_usi_to_sf.o)
                0x00000a6e                __floatunsisf
 .text          0x00000b60        0x0 d:/embedded systems library/program/sdk_win_64/sdk_win_64/winavr/bin/../lib/gcc/avr/4.3.3/avr5\libgcc.a(_udivmodhi4.o)
 .text          0x00000b60        0x0 d:/embedded systems library/program/sdk_win_64/sdk_win_64/winavr/bin/../lib/gcc/avr/4.3.3/avr5\libgcc.a(_prologue.o)
 .text          0x00000b60        0x0 d:/embedded systems library/program/sdk_win_64/sdk_win_64/winavr/bin/../lib/gcc/avr/4.3.3/avr5\libgcc.a(_epilogue.o)
 .text          0x00000b60       0x9e d:/embedded systems library/program/sdk_win_64/sdk_win_64/winavr/bin/../lib/gcc/avr/4.3.3/avr5\libgcc.a(_clzsi2.o)
                0x00000b60                __clzsi2
 .text          0x00000bfe      0x1aa d:/embedded systems library/program/sdk_win_64/sdk_win_64/winavr/bin/../lib/gcc/avr/4.3.3/avr5\libgcc.a(_pack_sf.o)
                0x00000bfe                __pack_f
 .text          0x00000da8       0xf0 d:/embedded systems library/program/sdk_win_64/sdk_win_64/winavr/bin/../lib/gcc/avr/4.3.3/avr5\libgcc.a(_unpack_sf.o)
                0x00000da8                __unpack_f
 .text          0x00000e98       0xb2 d:/embedded systems library/program/sdk_win_64/sdk_win_64/winavr/bin/../lib/gcc/avr/4.3.3/avr5\libgcc.a(_fpcmp_parts_sf.o)
                0x00000e98                __fpcmp_parts_f
 .text          0x00000f4a        0x0 d:/embedded systems library/program/sdk_win_64/sdk_win_64/winavr/bin/../lib/gcc/avr/4.3.3/avr5\libgcc.a(_clz.o)
                0x00000f4a                . = ALIGN (0x2)
 *(.text.*)
 .text.TIMER0_voidInit
                0x00000f4a       0x78 ./MCAL/MTIMER1/TIMER_prog.o
                0x00000f4a                TIMER0_voidInit
 .text.TIMER0_SetComMatchValue
                0x00000fc2       0x1c ./MCAL/MTIMER1/TIMER_prog.o
                0x00000fc2                TIMER0_SetComMatchValue
 .text.TIMER0_u8SetCallBack
                0x00000fde       0x3c ./MCAL/MTIMER1/TIMER_prog.o
                0x00000fde                TIMER0_u8SetCallBack
 .text.TIMER1_voidInit
                0x0000101a       0x2a ./MCAL/MTIMER1/TIMER_prog.o
                0x0000101a                TIMER1_voidInit
 .text.TIMER1_voidSTOP
                0x00001044       0x1c ./MCAL/MTIMER1/TIMER_prog.o
                0x00001044                TIMER1_voidSTOP
 .text.TIMER1_VoidSetTimerValue
                0x00001060       0x24 ./MCAL/MTIMER1/TIMER_prog.o
                0x00001060                TIMER1_VoidSetTimerValue
 .text.Timer1_u16ReadTimerValue
                0x00001084       0x16 ./MCAL/MTIMER1/TIMER_prog.o
                0x00001084                Timer1_u16ReadTimerValue
 .text.TIMER1_voidSetICR
                0x0000109a       0x24 ./MCAL/MTIMER1/TIMER_prog.o
                0x0000109a                TIMER1_voidSetICR
 .text.TIMER1_SetChannelAComMatchValue
                0x000010be       0x24 ./MCAL/MTIMER1/TIMER_prog.o
                0x000010be                TIMER1_SetChannelAComMatchValue
 .text.ICU_voidInit
                0x000010e2       0x2a ./MCAL/MTIMER1/TIMER_prog.o
                0x000010e2                ICU_voidInit
 .text.ICU_u8SetTriggerEdge
                0x0000110c       0x4a ./MCAL/MTIMER1/TIMER_prog.o
                0x0000110c                ICU_u8SetTriggerEdge
 .text.ICU_voidEnableInterrupt
                0x00001156       0x1c ./MCAL/MTIMER1/TIMER_prog.o
                0x00001156                ICU_voidEnableInterrupt
 .text.ICU_voidDisableInterrupt
                0x00001172       0x1c ./MCAL/MTIMER1/TIMER_prog.o
                0x00001172                ICU_voidDisableInterrupt
 .text.ICU_u16ReadInputCapture
                0x0000118e       0x16 ./MCAL/MTIMER1/TIMER_prog.o
                0x0000118e                ICU_u16ReadInputCapture
 .text.ICU_u8GetInputCaptureFlag
                0x000011a4       0x1c ./MCAL/MTIMER1/TIMER_prog.o
                0x000011a4                ICU_u8GetInputCaptureFlag
 .text.ICU_u8ClearInputCaptureFlag
                0x000011c0       0x1c ./MCAL/MTIMER1/TIMER_prog.o
                0x000011c0                ICU_u8ClearInputCaptureFlag
 .text.ICU_voidNoiseCanceler
                0x000011dc       0x1c ./MCAL/MTIMER1/TIMER_prog.o
                0x000011dc                ICU_voidNoiseCanceler
 .text.ICU_u8SetCallBack
                0x000011f8       0x3c ./MCAL/MTIMER1/TIMER_prog.o
                0x000011f8                ICU_u8SetCallBack
 .text.__vector_10
                0x00001234       0x66 ./MCAL/MTIMER1/TIMER_prog.o
                0x00001234                __vector_10
 .text.__vector_6
                0x0000129a       0x66 ./MCAL/MTIMER1/TIMER_prog.o
                0x0000129a                __vector_6
 .text.MTIMER0_voidInit
                0x00001300        0xe ./MCAL/MTIMER0/MTIMER0_program.o
                0x00001300                MTIMER0_voidInit
 .text.MTIMER0_enumSetTime_ms
                0x0000130e       0xd6 ./MCAL/MTIMER0/MTIMER0_program.o
                0x0000130e                MTIMER0_enumSetTime_ms
 .text.MTIMER0_enumStart
                0x000013e4       0x34 ./MCAL/MTIMER0/MTIMER0_program.o
                0x000013e4                MTIMER0_enumStart
 .text.MTIMER0_enumStop
                0x00001418       0x26 ./MCAL/MTIMER0/MTIMER0_program.o
                0x00001418                MTIMER0_enumStop
 .text.MCOUNTER0_voidCounterInit
                0x0000143e       0x2a ./MCAL/MTIMER0/MTIMER0_program.o
                0x0000143e                MCOUNTER0_voidCounterInit
 .text.MCOUNTER0_u8GetCounterValue
                0x00001468       0x14 ./MCAL/MTIMER0/MTIMER0_program.o
                0x00001468                MCOUNTER0_u8GetCounterValue
 .text.MTIMER0_u8GetTimerValue
                0x0000147c       0x14 ./MCAL/MTIMER0/MTIMER0_program.o
                0x0000147c                MTIMER0_u8GetTimerValue
 .text.MTIMER0_voidSetTimerValue
                0x00001490       0x1c ./MCAL/MTIMER0/MTIMER0_program.o
                0x00001490                MTIMER0_voidSetTimerValue
 .text.MTIMER0_u32GetCounts
                0x000014ac       0x62 ./MCAL/MTIMER0/MTIMER0_program.o
                0x000014ac                MTIMER0_u32GetCounts
 .text.MTimer0_voidEnableInt
                0x0000150e       0x56 ./MCAL/MTIMER0/MTIMER0_program.o
                0x0000150e                MTimer0_voidEnableInt
 .text.MTimer0_voidDisableInt
                0x00001564       0x56 ./MCAL/MTIMER0/MTIMER0_program.o
                0x00001564                MTimer0_voidDisableInt
 .text.MPWM0_enumInit
                0x000015ba       0x6c ./MCAL/MTIMER0/MTIMER0_program.o
                0x000015ba                MPWM0_enumInit
 .text.MPWM0_enumSetDutyCycle
                0x00001626       0x3a ./MCAL/MTIMER0/MTIMER0_program.o
                0x00001626                MPWM0_enumSetDutyCycle
 .text.MPWM0_enumStart
                0x00001660       0x34 ./MCAL/MTIMER0/MTIMER0_program.o
                0x00001660                MPWM0_enumStart
 .text.MPWM0_enumStop
                0x00001694       0x26 ./MCAL/MTIMER0/MTIMER0_program.o
                0x00001694                MPWM0_enumStop
 .text.MGIE_VoidEnable
                0x000016ba       0x1c ./MCAL/MGIE/MGIE_prog.o
                0x000016ba                MGIE_VoidEnable
 .text.MGIE_VoidDisable
                0x000016d6       0x1c ./MCAL/MGIE/MGIE_prog.o
                0x000016d6                MGIE_VoidDisable
 .text.MEXTI_Enable
                0x000016f2      0x298 ./MCAL/MEXTI/MEXTI_prog.o
                0x000016f2                MEXTI_Enable
 .text.MEXTI_Disable
                0x0000198a       0x7c ./MCAL/MEXTI/MEXTI_prog.o
                0x0000198a                MEXTI_Disable
 .text.MEXTI_FUNC
                0x00001a06       0x24 ./MCAL/MEXTI/MEXTI_prog.o
                0x00001a06                MEXTI_FUNC
 .text.__vector_1
                0x00001a2a       0x66 ./MCAL/MEXTI/MEXTI_prog.o
                0x00001a2a                __vector_1
 .text.__vector_2
                0x00001a90       0x66 ./MCAL/MEXTI/MEXTI_prog.o
                0x00001a90                __vector_2
 .text.__vector_3
                0x00001af6       0x66 ./MCAL/MEXTI/MEXTI_prog.o
                0x00001af6                __vector_3
 .text.MDIO_SetPinDirection
                0x00001b5c      0x21e ./MCAL/MDIO/MDIO_program.o
                0x00001b5c                MDIO_SetPinDirection
 .text.MDIO_SetPortDirection
                0x00001d7a       0x9a ./MCAL/MDIO/MDIO_program.o
                0x00001d7a                MDIO_SetPortDirection
 .text.MDIO_SetPinValue
                0x00001e14      0x21a ./MCAL/MDIO/MDIO_program.o
                0x00001e14                MDIO_SetPinValue
 .text.MDIO_SetPortValue
                0x0000202e       0x9a ./MCAL/MDIO/MDIO_program.o
                0x0000202e                MDIO_SetPortValue
 .text.MDIO_GetPinValue
                0x000020c8      0x12e ./MCAL/MDIO/MDIO_program.o
                0x000020c8                MDIO_GetPinValue
 .text.MDIO_GetPortValue
                0x000021f6       0xb8 ./MCAL/MDIO/MDIO_program.o
                0x000021f6                MDIO_GetPortValue
 .text.MDIO_AndValueWithPort
                0x000022ae       0xd2 ./MCAL/MDIO/MDIO_program.o
                0x000022ae                MDIO_AndValueWithPort
 .text.MDIO_TogglePinValue
                0x00002380      0x11c ./MCAL/MDIO/MDIO_program.o
                0x00002380                MDIO_TogglePinValue
 .text.MADC_voidInit
                0x0000249c       0x96 ./MCAL/MADC/MADC_prog.o
                0x0000249c                MADC_voidInit
 .text.MADC_StartConversionSynch
                0x00002532       0xf0 ./MCAL/MADC/MADC_prog.o
                0x00002532                MADC_StartConversionSynch
 .text.MADC_StartConversionAsynch
                0x00002622       0x90 ./MCAL/MADC/MADC_prog.o
                0x00002622                MADC_StartConversionAsynch
 .text.MADC_StartChainConversionAsynch
                0x000026b2       0xc2 ./MCAL/MADC/MADC_prog.o
                0x000026b2                MADC_StartChainConversionAsynch
 .text.MADC_voidInterruptEnable
                0x00002774       0x1c ./MCAL/MADC/MADC_prog.o
                0x00002774                MADC_voidInterruptEnable
 .text.MADC_voidInterruptDisable
                0x00002790       0x1c ./MCAL/MADC/MADC_prog.o
                0x00002790                MADC_voidInterruptDisable
 .text.__vector_16
                0x000027ac      0x11a ./MCAL/MADC/MADC_prog.o
                0x000027ac                __vector_16
 .text.H_UltraInit
                0x000028c6       0x26 ./HAL/UlTRASONIC/UlTRASONIC_program.o
                0x000028c6                H_UltraInit
 .text.H_UltraTrigger
                0x000028ec      0x11e ./HAL/UlTRASONIC/UlTRASONIC_program.o
                0x000028ec                H_UltraTrigger
 .text.H_UltraUltraRissingEdge
                0x00002a0a       0x34 ./HAL/UlTRASONIC/UlTRASONIC_program.o
                0x00002a0a                H_UltraUltraRissingEdge
 .text.H_UltraUltraFallingEdge
                0x00002a3e       0x40 ./HAL/UlTRASONIC/UlTRASONIC_program.o
                0x00002a3e                H_UltraUltraFallingEdge
 .text.H_UltraDistance
                0x00002a7e       0x98 ./HAL/UlTRASONIC/UlTRASONIC_program.o
                0x00002a7e                H_UltraDistance
 .text.HSSD_Init
                0x00002b16       0x68 ./HAL/HSSD/HSSD_prog.o
                0x00002b16                HSSD_Init
 .text.HSSD_WriteData
                0x00002b7e       0x68 ./HAL/HSSD/HSSD_prog.o
                0x00002b7e                HSSD_WriteData
 .text.HSSD_DisplayBlink
                0x00002be6      0x5c6 ./HAL/HSSD/HSSD_prog.o
                0x00002be6                HSSD_DisplayBlink
 .text.PB_voidInit
                0x000031ac       0x2c ./HAL/HPB/HPB_program.o
                0x000031ac                PB_voidInit
 .text.PB_voidReadState
                0x000031d8      0x19e ./HAL/HPB/HPB_program.o
                0x000031d8                PB_voidReadState
 .text.HLED_voidInit
                0x00003376       0x86 ./HAL/HLED/HLED_program.o
                0x00003376                HLED_voidInit
 .text.HLED_voidTurnOn
                0x000033fc       0x86 ./HAL/HLED/HLED_program.o
                0x000033fc                HLED_voidTurnOn
 .text.HLED_voidTurnOff
                0x00003482       0x86 ./HAL/HLED/HLED_program.o
                0x00003482                HLED_voidTurnOff
 .text.HLED_voidToggle
                0x00003508       0x7e ./HAL/HLED/HLED_program.o
                0x00003508                HLED_voidToggle
 .text.HKPD_voidInit
                0x00003586       0x86 ./HAL/HKEYPAD/KEYPAD_prog.o
                0x00003586                HKPD_voidInit
 .text.HKPD_u8GetPressedKey
                0x0000360c      0x25c ./HAL/HKEYPAD/KEYPAD_prog.o
                0x0000360c                HKPD_u8GetPressedKey
 .text.HDCMOTOR_voidInit
                0x00003868       0x3a ./HAL/HDCMOTOR/HDCMOTOR_program.o
                0x00003868                HDCMOTOR_voidInit
 .text.HDCMOTOR_voidSetDirection
                0x000038a2       0x3e ./HAL/HDCMOTOR/HDCMOTOR_program.o
                0x000038a2                HDCMOTOR_voidSetDirection
 .text.HDCMOTOR_voidSetSpeed
                0x000038e0       0x22 ./HAL/HDCMOTOR/HDCMOTOR_program.o
                0x000038e0                HDCMOTOR_voidSetSpeed
 .text.HDCMOTOR_voidStart
                0x00003902       0x1c ./HAL/HDCMOTOR/HDCMOTOR_program.o
                0x00003902                HDCMOTOR_voidStart
 .text.HDCMOTOR_voidStop
                0x0000391e       0x2c ./HAL/HDCMOTOR/HDCMOTOR_program.o
                0x0000391e                HDCMOTOR_voidStop
 .text.HDCMOTOR_MoveCW
                0x0000394a       0x2c ./HAL/HDCMOTOR/HDCMOTOR_program.o
                0x0000394a                HDCMOTOR_MoveCW
 .text.HDCMOTOR_MoveCCW
                0x00003976       0x2c ./HAL/HDCMOTOR/HDCMOTOR_program.o
                0x00003976                HDCMOTOR_MoveCCW
 .text.HCLCD_SendCommand
                0x000039a2       0x36 ./HAL/HCLCD/CLCD_prog.o
                0x000039a2                HCLCD_SendCommand
 .text.HCLCD_SendData
                0x000039d8       0x42 ./HAL/HCLCD/CLCD_prog.o
                0x000039d8                HCLCD_SendData
 .text.HCLCD_Init
                0x00003a1a      0x176 ./HAL/HCLCD/CLCD_prog.o
                0x00003a1a                HCLCD_Init
 .text.HCLCD_Clear
                0x00003b90       0x1e ./HAL/HCLCD/CLCD_prog.o
                0x00003b90                HCLCD_Clear
 .text.HCLCD_SendString
                0x00003bae       0x5a ./HAL/HCLCD/CLCD_prog.o
                0x00003bae                HCLCD_SendString
 .text.HCLCD_SendNumber
                0x00003c08      0x14e ./HAL/HCLCD/CLCD_prog.o
                0x00003c08                HCLCD_SendNumber
 .text.HCLCD_voidWriteFloatNumber
                0x00003d56      0x166 ./HAL/HCLCD/CLCD_prog.o
                0x00003d56                HCLCD_voidWriteFloatNumber
 .text.HCLCD_WriteSpecialCharacter
                0x00003ebc       0x94 ./HAL/HCLCD/CLCD_prog.o
                0x00003ebc                HCLCD_WriteSpecialCharacter
 .text.HCLCD_GoToXY
                0x00003f50       0x76 ./HAL/HCLCD/CLCD_prog.o
                0x00003f50                HCLCD_GoToXY
 .text.CLCD_CurrentPosition
                0x00003fc6       0x48 ./HAL/HCLCD/CLCD_prog.o
 .text.H_LCD_void_latchByte
                0x0000400e      0x482 ./HAL/HCLCD/CLCD_prog.o
 .text.main     0x00004490       0x7a ./main.o
                0x00004490                main
 .text.ICU_HW1  0x0000450a       0xa0 ./main.o
                0x0000450a                ICU_HW1
 .text.libgcc   0x000045aa       0x3e d:/embedded systems library/program/sdk_win_64/sdk_win_64/winavr/bin/../lib/gcc/avr/4.3.3/avr5\libgcc.a(_mulsi3.o)
                0x000045aa                __mulsi3
 .text.libgcc   0x000045e8       0x26 d:/embedded systems library/program/sdk_win_64/sdk_win_64/winavr/bin/../lib/gcc/avr/4.3.3/avr5\libgcc.a(_divmodhi4.o)
                0x000045e8                __divmodhi4
                0x000045e8                _div
 .text.libgcc   0x0000460e       0x44 d:/embedded systems library/program/sdk_win_64/sdk_win_64/winavr/bin/../lib/gcc/avr/4.3.3/avr5\libgcc.a(_udivmodsi4.o)
                0x0000460e                __udivmodsi4
 .text.libgcc   0x00004652       0x36 d:/embedded systems library/program/sdk_win_64/sdk_win_64/winavr/bin/../lib/gcc/avr/4.3.3/avr5\libgcc.a(_divmodsi4.o)
                0x00004652                __divmodsi4
 .text.libgcc   0x00004688        0x0 d:/embedded systems library/program/sdk_win_64/sdk_win_64/winavr/bin/../lib/gcc/avr/4.3.3/avr5\libgcc.a(_exit.o)
 .text.libgcc   0x00004688        0x0 d:/embedded systems library/program/sdk_win_64/sdk_win_64/winavr/bin/../lib/gcc/avr/4.3.3/avr5\libgcc.a(_copy_data.o)
 .text.libgcc   0x00004688        0x0 d:/embedded systems library/program/sdk_win_64/sdk_win_64/winavr/bin/../lib/gcc/avr/4.3.3/avr5\libgcc.a(_clear_bss.o)
 .text.libgcc   0x00004688       0x28 d:/embedded systems library/program/sdk_win_64/sdk_win_64/winavr/bin/../lib/gcc/avr/4.3.3/avr5\libgcc.a(_udivmodhi4.o)
                0x00004688                __udivmodhi4
 .text.libgcc   0x000046b0       0x38 d:/embedded systems library/program/sdk_win_64/sdk_win_64/winavr/bin/../lib/gcc/avr/4.3.3/avr5\libgcc.a(_prologue.o)
                0x000046b0                __prologue_saves__
 .text.libgcc   0x000046e8       0x36 d:/embedded systems library/program/sdk_win_64/sdk_win_64/winavr/bin/../lib/gcc/avr/4.3.3/avr5\libgcc.a(_epilogue.o)
                0x000046e8                __epilogue_restores__
                0x0000471e                . = ALIGN (0x2)
 *(.fini9)
 .fini9         0x0000471e        0x0 d:/embedded systems library/program/sdk_win_64/sdk_win_64/winavr/bin/../lib/gcc/avr/4.3.3/avr5\libgcc.a(_exit.o)
                0x0000471e                exit
                0x0000471e                _exit
 *(.fini9)
 *(.fini8)
 *(.fini8)
 *(.fini7)
 *(.fini7)
 *(.fini6)
 *(.fini6)
 *(.fini5)
 *(.fini5)
 *(.fini4)
 *(.fini4)
 *(.fini3)
 *(.fini3)
 *(.fini2)
 *(.fini2)
 *(.fini1)
 *(.fini1)
 *(.fini0)
 .fini0         0x0000471e        0x4 d:/embedded systems library/program/sdk_win_64/sdk_win_64/winavr/bin/../lib/gcc/avr/4.3.3/avr5\libgcc.a(_exit.o)
 *(.fini0)
                0x00004722                _etext = .

.data           0x00800060      0x13c load address 0x00004722
                0x00800060                PROVIDE (__data_start, .)
 *(.data)
 .data          0x00800060        0x0 d:/embedded systems library/program/sdk_win_64/sdk_win_64/winavr/bin/../lib/gcc/avr/4.3.3/../../../../avr/lib/avr5/crtm32.o
 .data          0x00800060        0x0 ./MCAL/MTIMER1/TIMER_prog.o
 .data          0x00800060        0x0 ./MCAL/MTIMER0/MTIMER0_program.o
 .data          0x00800060        0x0 ./MCAL/MGIE/MGIE_prog.o
 .data          0x00800060        0x0 ./MCAL/MEXTI/MEXTI_prog.o
 .data          0x00800060        0x0 ./MCAL/MDIO/MDIO_program.o
 .data          0x00800060        0x0 ./MCAL/MADC/MADC_prog.o
 .data          0x00800060        0x0 ./HAL/UlTRASONIC/UlTRASONIC_program.o
 .data          0x00800060        0x0 ./HAL/HSSD/HSSD_prog.o
 .data          0x00800060        0x0 ./HAL/HPB/HPB_program.o
 .data          0x00800060        0x0 ./HAL/HLED/HLED_program.o
 .data          0x00800060        0x0 ./HAL/HKEYPAD/KEYPAD_prog.o
 .data          0x00800060        0x0 ./HAL/HDCMOTOR/HDCMOTOR_program.o
 .data          0x00800060        0x0 ./HAL/HCLCD/CLCD_prog.o
 .data          0x00800060        0x0 ./main.o
 .data          0x00800060        0x0 d:/embedded systems library/program/sdk_win_64/sdk_win_64/winavr/bin/../lib/gcc/avr/4.3.3/avr5\libgcc.a(_mulsi3.o)
 .data          0x00800060        0x0 d:/embedded systems library/program/sdk_win_64/sdk_win_64/winavr/bin/../lib/gcc/avr/4.3.3/avr5\libgcc.a(_divmodhi4.o)
 .data          0x00800060        0x0 d:/embedded systems library/program/sdk_win_64/sdk_win_64/winavr/bin/../lib/gcc/avr/4.3.3/avr5\libgcc.a(_udivmodsi4.o)
 .data          0x00800060        0x0 d:/embedded systems library/program/sdk_win_64/sdk_win_64/winavr/bin/../lib/gcc/avr/4.3.3/avr5\libgcc.a(_divmodsi4.o)
 .data          0x00800060        0x0 d:/embedded systems library/program/sdk_win_64/sdk_win_64/winavr/bin/../lib/gcc/avr/4.3.3/avr5\libgcc.a(_exit.o)
 .data          0x00800060        0x0 d:/embedded systems library/program/sdk_win_64/sdk_win_64/winavr/bin/../lib/gcc/avr/4.3.3/avr5\libgcc.a(_copy_data.o)
 .data          0x00800060        0x0 d:/embedded systems library/program/sdk_win_64/sdk_win_64/winavr/bin/../lib/gcc/avr/4.3.3/avr5\libgcc.a(_clear_bss.o)
 .data          0x00800060        0x0 d:/embedded systems library/program/sdk_win_64/sdk_win_64/winavr/bin/../lib/gcc/avr/4.3.3/avr5\libgcc.a(_fixunssfsi.o)
 .data          0x00800060        0x0 d:/embedded systems library/program/sdk_win_64/sdk_win_64/winavr/bin/../lib/gcc/avr/4.3.3/avr5\libgcc.a(_addsub_sf.o)
 .data          0x00800060        0x0 d:/embedded systems library/program/sdk_win_64/sdk_win_64/winavr/bin/../lib/gcc/avr/4.3.3/avr5\libgcc.a(_mul_sf.o)
 .data          0x00800060        0x0 d:/embedded systems library/program/sdk_win_64/sdk_win_64/winavr/bin/../lib/gcc/avr/4.3.3/avr5\libgcc.a(_div_sf.o)
 .data          0x00800060        0x0 d:/embedded systems library/program/sdk_win_64/sdk_win_64/winavr/bin/../lib/gcc/avr/4.3.3/avr5\libgcc.a(_eq_sf.o)
 .data          0x00800060        0x0 d:/embedded systems library/program/sdk_win_64/sdk_win_64/winavr/bin/../lib/gcc/avr/4.3.3/avr5\libgcc.a(_gt_sf.o)
 .data          0x00800060        0x0 d:/embedded systems library/program/sdk_win_64/sdk_win_64/winavr/bin/../lib/gcc/avr/4.3.3/avr5\libgcc.a(_ge_sf.o)
 .data          0x00800060        0x0 d:/embedded systems library/program/sdk_win_64/sdk_win_64/winavr/bin/../lib/gcc/avr/4.3.3/avr5\libgcc.a(_lt_sf.o)
 .data          0x00800060        0x0 d:/embedded systems library/program/sdk_win_64/sdk_win_64/winavr/bin/../lib/gcc/avr/4.3.3/avr5\libgcc.a(_si_to_sf.o)
 .data          0x00800060        0x0 d:/embedded systems library/program/sdk_win_64/sdk_win_64/winavr/bin/../lib/gcc/avr/4.3.3/avr5\libgcc.a(_sf_to_si.o)
 .data          0x00800060        0x8 d:/embedded systems library/program/sdk_win_64/sdk_win_64/winavr/bin/../lib/gcc/avr/4.3.3/avr5\libgcc.a(_thenan_sf.o)
                0x00800060                __thenan_sf
 .data          0x00800068        0x0 d:/embedded systems library/program/sdk_win_64/sdk_win_64/winavr/bin/../lib/gcc/avr/4.3.3/avr5\libgcc.a(_usi_to_sf.o)
 .data          0x00800068        0x0 d:/embedded systems library/program/sdk_win_64/sdk_win_64/winavr/bin/../lib/gcc/avr/4.3.3/avr5\libgcc.a(_udivmodhi4.o)
 .data          0x00800068        0x0 d:/embedded systems library/program/sdk_win_64/sdk_win_64/winavr/bin/../lib/gcc/avr/4.3.3/avr5\libgcc.a(_prologue.o)
 .data          0x00800068        0x0 d:/embedded systems library/program/sdk_win_64/sdk_win_64/winavr/bin/../lib/gcc/avr/4.3.3/avr5\libgcc.a(_epilogue.o)
 .data          0x00800068        0x0 d:/embedded systems library/program/sdk_win_64/sdk_win_64/winavr/bin/../lib/gcc/avr/4.3.3/avr5\libgcc.a(_clzsi2.o)
 .data          0x00800068        0x0 d:/embedded systems library/program/sdk_win_64/sdk_win_64/winavr/bin/../lib/gcc/avr/4.3.3/avr5\libgcc.a(_pack_sf.o)
 .data          0x00800068        0x0 d:/embedded systems library/program/sdk_win_64/sdk_win_64/winavr/bin/../lib/gcc/avr/4.3.3/avr5\libgcc.a(_unpack_sf.o)
 .data          0x00800068        0x0 d:/embedded systems library/program/sdk_win_64/sdk_win_64/winavr/bin/../lib/gcc/avr/4.3.3/avr5\libgcc.a(_fpcmp_parts_sf.o)
 .data          0x00800068      0x100 d:/embedded systems library/program/sdk_win_64/sdk_win_64/winavr/bin/../lib/gcc/avr/4.3.3/avr5\libgcc.a(_clz.o)
                0x00800068                __clz_tab
 *(.data*)
 .data.TIMER0_PRESCALLER_ARR
                0x00800168        0xa ./MCAL/MTIMER0/MTIMER0_program.o
 .data.SSD_Numbers
                0x00800172        0xa ./HAL/HSSD/HSSD_prog.o
                0x00800172                SSD_Numbers
 .data.Row_Port_Arr
                0x0080017c        0x4 ./HAL/HKEYPAD/KEYPAD_prog.o
                0x0080017c                Row_Port_Arr
 .data.Row_Pin_Arr
                0x00800180        0x4 ./HAL/HKEYPAD/KEYPAD_prog.o
                0x00800180                Row_Pin_Arr
 .data.Col_Port_Arr
                0x00800184        0x4 ./HAL/HKEYPAD/KEYPAD_prog.o
                0x00800184                Col_Port_Arr
 .data.Col_Pin_Arr
                0x00800188        0x4 ./HAL/HKEYPAD/KEYPAD_prog.o
                0x00800188                Col_Pin_Arr
 .data.KPD_u8ArrayValue
                0x0080018c       0x10 ./HAL/HKEYPAD/KEYPAD_prog.o
                0x0080018c                KPD_u8ArrayValue
 *(.rodata)
 *(.rodata*)
 *(.gnu.linkonce.d*)
                0x0080019c                . = ALIGN (0x2)
                0x0080019c                _edata = .
                0x0080019c                PROVIDE (__data_end, .)

.bss            0x0080019c       0x31
                0x0080019c                PROVIDE (__bss_start, .)
 *(.bss)
 .bss           0x0080019c        0x0 d:/embedded systems library/program/sdk_win_64/sdk_win_64/winavr/bin/../lib/gcc/avr/4.3.3/../../../../avr/lib/avr5/crtm32.o
 .bss           0x0080019c        0x0 ./MCAL/MTIMER1/TIMER_prog.o
 .bss           0x0080019c        0x0 ./MCAL/MTIMER0/MTIMER0_program.o
 .bss           0x0080019c        0x0 ./MCAL/MGIE/MGIE_prog.o
 .bss           0x0080019c        0x0 ./MCAL/MEXTI/MEXTI_prog.o
 .bss           0x0080019c        0x0 ./MCAL/MDIO/MDIO_program.o
 .bss           0x0080019c        0x0 ./MCAL/MADC/MADC_prog.o
 .bss           0x0080019c        0x0 ./HAL/UlTRASONIC/UlTRASONIC_program.o
 .bss           0x0080019c        0x0 ./HAL/HSSD/HSSD_prog.o
 .bss           0x0080019c        0x0 ./HAL/HPB/HPB_program.o
 .bss           0x0080019c        0x0 ./HAL/HLED/HLED_program.o
 .bss           0x0080019c        0x0 ./HAL/HKEYPAD/KEYPAD_prog.o
 .bss           0x0080019c        0x0 ./HAL/HDCMOTOR/HDCMOTOR_program.o
 .bss           0x0080019c        0x0 ./HAL/HCLCD/CLCD_prog.o
 .bss           0x0080019c        0x0 ./main.o
 .bss           0x0080019c        0x0 d:/embedded systems library/program/sdk_win_64/sdk_win_64/winavr/bin/../lib/gcc/avr/4.3.3/avr5\libgcc.a(_mulsi3.o)
 .bss           0x0080019c        0x0 d:/embedded systems library/program/sdk_win_64/sdk_win_64/winavr/bin/../lib/gcc/avr/4.3.3/avr5\libgcc.a(_divmodhi4.o)
 .bss           0x0080019c        0x0 d:/embedded systems library/program/sdk_win_64/sdk_win_64/winavr/bin/../lib/gcc/avr/4.3.3/avr5\libgcc.a(_udivmodsi4.o)
 .bss           0x0080019c        0x0 d:/embedded systems library/program/sdk_win_64/sdk_win_64/winavr/bin/../lib/gcc/avr/4.3.3/avr5\libgcc.a(_divmodsi4.o)
 .bss           0x0080019c        0x0 d:/embedded systems library/program/sdk_win_64/sdk_win_64/winavr/bin/../lib/gcc/avr/4.3.3/avr5\libgcc.a(_exit.o)
 .bss           0x0080019c        0x0 d:/embedded systems library/program/sdk_win_64/sdk_win_64/winavr/bin/../lib/gcc/avr/4.3.3/avr5\libgcc.a(_copy_data.o)
 .bss           0x0080019c        0x0 d:/embedded systems library/program/sdk_win_64/sdk_win_64/winavr/bin/../lib/gcc/avr/4.3.3/avr5\libgcc.a(_clear_bss.o)
 .bss           0x0080019c        0x0 d:/embedded systems library/program/sdk_win_64/sdk_win_64/winavr/bin/../lib/gcc/avr/4.3.3/avr5\libgcc.a(_fixunssfsi.o)
 .bss           0x0080019c        0x0 d:/embedded systems library/program/sdk_win_64/sdk_win_64/winavr/bin/../lib/gcc/avr/4.3.3/avr5\libgcc.a(_addsub_sf.o)
 .bss           0x0080019c        0x0 d:/embedded systems library/program/sdk_win_64/sdk_win_64/winavr/bin/../lib/gcc/avr/4.3.3/avr5\libgcc.a(_mul_sf.o)
 .bss           0x0080019c        0x0 d:/embedded systems library/program/sdk_win_64/sdk_win_64/winavr/bin/../lib/gcc/avr/4.3.3/avr5\libgcc.a(_div_sf.o)
 .bss           0x0080019c        0x0 d:/embedded systems library/program/sdk_win_64/sdk_win_64/winavr/bin/../lib/gcc/avr/4.3.3/avr5\libgcc.a(_eq_sf.o)
 .bss           0x0080019c        0x0 d:/embedded systems library/program/sdk_win_64/sdk_win_64/winavr/bin/../lib/gcc/avr/4.3.3/avr5\libgcc.a(_gt_sf.o)
 .bss           0x0080019c        0x0 d:/embedded systems library/program/sdk_win_64/sdk_win_64/winavr/bin/../lib/gcc/avr/4.3.3/avr5\libgcc.a(_ge_sf.o)
 .bss           0x0080019c        0x0 d:/embedded systems library/program/sdk_win_64/sdk_win_64/winavr/bin/../lib/gcc/avr/4.3.3/avr5\libgcc.a(_lt_sf.o)
 .bss           0x0080019c        0x0 d:/embedded systems library/program/sdk_win_64/sdk_win_64/winavr/bin/../lib/gcc/avr/4.3.3/avr5\libgcc.a(_si_to_sf.o)
 .bss           0x0080019c        0x0 d:/embedded systems library/program/sdk_win_64/sdk_win_64/winavr/bin/../lib/gcc/avr/4.3.3/avr5\libgcc.a(_sf_to_si.o)
 .bss           0x0080019c        0x0 d:/embedded systems library/program/sdk_win_64/sdk_win_64/winavr/bin/../lib/gcc/avr/4.3.3/avr5\libgcc.a(_thenan_sf.o)
 .bss           0x0080019c        0x0 d:/embedded systems library/program/sdk_win_64/sdk_win_64/winavr/bin/../lib/gcc/avr/4.3.3/avr5\libgcc.a(_usi_to_sf.o)
 .bss           0x0080019c        0x0 d:/embedded systems library/program/sdk_win_64/sdk_win_64/winavr/bin/../lib/gcc/avr/4.3.3/avr5\libgcc.a(_udivmodhi4.o)
 .bss           0x0080019c        0x0 d:/embedded systems library/program/sdk_win_64/sdk_win_64/winavr/bin/../lib/gcc/avr/4.3.3/avr5\libgcc.a(_prologue.o)
 .bss           0x0080019c        0x0 d:/embedded systems library/program/sdk_win_64/sdk_win_64/winavr/bin/../lib/gcc/avr/4.3.3/avr5\libgcc.a(_epilogue.o)
 .bss           0x0080019c        0x0 d:/embedded systems library/program/sdk_win_64/sdk_win_64/winavr/bin/../lib/gcc/avr/4.3.3/avr5\libgcc.a(_clzsi2.o)
 .bss           0x0080019c        0x0 d:/embedded systems library/program/sdk_win_64/sdk_win_64/winavr/bin/../lib/gcc/avr/4.3.3/avr5\libgcc.a(_pack_sf.o)
 .bss           0x0080019c        0x0 d:/embedded systems library/program/sdk_win_64/sdk_win_64/winavr/bin/../lib/gcc/avr/4.3.3/avr5\libgcc.a(_unpack_sf.o)
 .bss           0x0080019c        0x0 d:/embedded systems library/program/sdk_win_64/sdk_win_64/winavr/bin/../lib/gcc/avr/4.3.3/avr5\libgcc.a(_fpcmp_parts_sf.o)
 .bss           0x0080019c        0x0 d:/embedded systems library/program/sdk_win_64/sdk_win_64/winavr/bin/../lib/gcc/avr/4.3.3/avr5\libgcc.a(_clz.o)
 *(.bss*)
 .bss.TIMER0_pvCallBackFunc
                0x0080019c        0x2 ./MCAL/MTIMER1/TIMER_prog.o
 .bss.ICU_pvCallBackFunc
                0x0080019e        0x2 ./MCAL/MTIMER1/TIMER_prog.o
 .bss.TIMER0_pvCallBackNotificationFunc
                0x008001a0        0x2 ./MCAL/MTIMER0/MTIMER0_program.o
 .bss.current_ov_count
                0x008001a2        0x4 ./MCAL/MTIMER0/MTIMER0_program.o
 .bss.INT0_pvFunc
                0x008001a6        0x2 ./MCAL/MEXTI/MEXTI_prog.o
                0x008001a6                INT0_pvFunc
 .bss.INT_pvFunc
                0x008001a8        0x2 ./MCAL/MEXTI/MEXTI_prog.o
                0x008001a8                INT_pvFunc
 .bss.INT1_pvFunc
                0x008001aa        0x2 ./MCAL/MEXTI/MEXTI_prog.o
                0x008001aa                INT1_pvFunc
 .bss.INT2_pvFunc
                0x008001ac        0x2 ./MCAL/MEXTI/MEXTI_prog.o
                0x008001ac                INT2_pvFunc
 .bss.ADC_u8BusyState
                0x008001ae        0x1 ./MCAL/MADC/MADC_prog.o
 .bss.ADC_pvCallBackNotificationFunc
                0x008001af        0x2 ./MCAL/MADC/MADC_prog.o
 .bss.ADC_pu16Reading
                0x008001b1        0x2 ./MCAL/MADC/MADC_prog.o
 .bss.ADC_pu16ChainResultArr
                0x008001b3        0x2 ./MCAL/MADC/MADC_prog.o
 .bss.ADC_pu8ChainChannelArr
                0x008001b5        0x2 ./MCAL/MADC/MADC_prog.o
 .bss.ADC_u8ChainSize
                0x008001b7        0x1 ./MCAL/MADC/MADC_prog.o
 .bss.ADC_u8ChainConversionIndex
                0x008001b8        0x1 ./MCAL/MADC/MADC_prog.o
 .bss.ADC_u8ISRSourse
                0x008001b9        0x1 ./MCAL/MADC/MADC_prog.o
 .bss.u16_global_RissingValue
                0x008001ba        0x2 ./HAL/UlTRASONIC/UlTRASONIC_program.o
 .bss.u16_global_FallingValue
                0x008001bc        0x2 ./HAL/UlTRASONIC/UlTRASONIC_program.o
 .bss.copy_u8state.1359
                0x008001be        0x1 ./HAL/HPB/HPB_program.o
 .bss.specialCharacter
                0x008001bf        0x1 ./HAL/HCLCD/CLCD_prog.o
 .bss.Local_u8SetPositionX
                0x008001c0        0x1 ./HAL/HCLCD/CLCD_prog.o
                0x008001c0                Local_u8SetPositionX
 .bss.Local_u8SetPositionY
                0x008001c1        0x1 ./HAL/HCLCD/CLCD_prog.o
                0x008001c1                Local_u8SetPositionY
 .bss.PeriodTicks
                0x008001c2        0x2 ./main.o
 .bss.OnTicks   0x008001c4        0x2 ./main.o
 .bss.Local_u8Counter.1584
                0x008001c6        0x1 ./main.o
 .bss.Reading3.1583
                0x008001c7        0x2 ./main.o
 .bss.Reading2.1582
                0x008001c9        0x2 ./main.o
 .bss.Reading1.1581
                0x008001cb        0x2 ./main.o
 *(COMMON)
                0x008001cd                PROVIDE (__bss_end, .)
                0x00004722                __data_load_start = LOADADDR (.data)
                0x0000485e                __data_load_end = (__data_load_start + SIZEOF (.data))

.noinit         0x008001cd        0x0
                0x008001cd                PROVIDE (__noinit_start, .)
 *(.noinit*)
                0x008001cd                PROVIDE (__noinit_end, .)
                0x008001cd                _end = .
                0x008001cd                PROVIDE (__heap_start, .)

.eeprom         0x00810000        0x0
 *(.eeprom*)
                0x00810000                __eeprom_end = .

.fuse
 *(.fuse)
 *(.lfuse)
 *(.hfuse)
 *(.efuse)

.lock
 *(.lock*)

.signature
 *(.signature*)

.stab           0x00000000     0x5da8
 *(.stab)
 .stab          0x00000000      0x7ec ./MCAL/MTIMER1/TIMER_prog.o
 .stab          0x000007ec      0x804 ./MCAL/MTIMER0/MTIMER0_program.o
                                0x810 (size before relaxing)
 .stab          0x00000ff0      0x1d4 ./MCAL/MGIE/MGIE_prog.o
                                0x1e0 (size before relaxing)
 .stab          0x000011c4      0x570 ./MCAL/MEXTI/MEXTI_prog.o
                                0x57c (size before relaxing)
 .stab          0x00001734      0x9d8 ./MCAL/MDIO/MDIO_program.o
                                0x9e4 (size before relaxing)
 .stab          0x0000210c      0x708 ./MCAL/MADC/MADC_prog.o
                                0x714 (size before relaxing)
 .stab          0x00002814      0x690 ./HAL/UlTRASONIC/UlTRASONIC_program.o
                                0x69c (size before relaxing)
 .stab          0x00002ea4      0x8e8 ./HAL/HSSD/HSSD_prog.o
                                0xa80 (size before relaxing)
 .stab          0x0000378c      0x498 ./HAL/HPB/HPB_program.o
                                0x630 (size before relaxing)
 .stab          0x00003c24      0x3fc ./HAL/HLED/HLED_program.o
                                0x408 (size before relaxing)
 .stab          0x00004020      0x528 ./HAL/HKEYPAD/KEYPAD_prog.o
                                0x6c0 (size before relaxing)
 .stab          0x00004548      0x5d0 ./HAL/HDCMOTOR/HDCMOTOR_program.o
                                0x5dc (size before relaxing)
 .stab          0x00004b18      0xeb8 ./HAL/HCLCD/CLCD_prog.o
                               0x1050 (size before relaxing)
 .stab          0x000059d0      0x3d8 ./main.o
                                0x6e4 (size before relaxing)

.stabstr        0x00000000     0x2cbd
 *(.stabstr)
 .stabstr       0x00000000     0x2cbd ./MCAL/MTIMER1/TIMER_prog.o

.stab.excl
 *(.stab.excl)

.stab.exclstr
 *(.stab.exclstr)

.stab.index
 *(.stab.index)

.stab.indexstr
 *(.stab.indexstr)

.comment
 *(.comment)

.debug
 *(.debug)

.line
 *(.line)

.debug_srcinfo
 *(.debug_srcinfo)

.debug_sfnames
 *(.debug_sfnames)

.debug_aranges  0x00000000      0x1e0
 *(.debug_aranges)
 .debug_aranges
                0x00000000       0x20 d:/embedded systems library/program/sdk_win_64/sdk_win_64/winavr/bin/../lib/gcc/avr/4.3.3/avr5\libgcc.a(_fixunssfsi.o)
 .debug_aranges
                0x00000020       0x20 d:/embedded systems library/program/sdk_win_64/sdk_win_64/winavr/bin/../lib/gcc/avr/4.3.3/avr5\libgcc.a(_addsub_sf.o)
 .debug_aranges
                0x00000040       0x20 d:/embedded systems library/program/sdk_win_64/sdk_win_64/winavr/bin/../lib/gcc/avr/4.3.3/avr5\libgcc.a(_mul_sf.o)
 .debug_aranges
                0x00000060       0x20 d:/embedded systems library/program/sdk_win_64/sdk_win_64/winavr/bin/../lib/gcc/avr/4.3.3/avr5\libgcc.a(_div_sf.o)
 .debug_aranges
                0x00000080       0x20 d:/embedded systems library/program/sdk_win_64/sdk_win_64/winavr/bin/../lib/gcc/avr/4.3.3/avr5\libgcc.a(_eq_sf.o)
 .debug_aranges
                0x000000a0       0x20 d:/embedded systems library/program/sdk_win_64/sdk_win_64/winavr/bin/../lib/gcc/avr/4.3.3/avr5\libgcc.a(_gt_sf.o)
 .debug_aranges
                0x000000c0       0x20 d:/embedded systems library/program/sdk_win_64/sdk_win_64/winavr/bin/../lib/gcc/avr/4.3.3/avr5\libgcc.a(_ge_sf.o)
 .debug_aranges
                0x000000e0       0x20 d:/embedded systems library/program/sdk_win_64/sdk_win_64/winavr/bin/../lib/gcc/avr/4.3.3/avr5\libgcc.a(_lt_sf.o)
 .debug_aranges
                0x00000100       0x20 d:/embedded systems library/program/sdk_win_64/sdk_win_64/winavr/bin/../lib/gcc/avr/4.3.3/avr5\libgcc.a(_si_to_sf.o)
 .debug_aranges
                0x00000120       0x20 d:/embedded systems library/program/sdk_win_64/sdk_win_64/winavr/bin/../lib/gcc/avr/4.3.3/avr5\libgcc.a(_sf_to_si.o)
 .debug_aranges
                0x00000140       0x20 d:/embedded systems library/program/sdk_win_64/sdk_win_64/winavr/bin/../lib/gcc/avr/4.3.3/avr5\libgcc.a(_usi_to_sf.o)
 .debug_aranges
                0x00000160       0x20 d:/embedded systems library/program/sdk_win_64/sdk_win_64/winavr/bin/../lib/gcc/avr/4.3.3/avr5\libgcc.a(_clzsi2.o)
 .debug_aranges
                0x00000180       0x20 d:/embedded systems library/program/sdk_win_64/sdk_win_64/winavr/bin/../lib/gcc/avr/4.3.3/avr5\libgcc.a(_pack_sf.o)
 .debug_aranges
                0x000001a0       0x20 d:/embedded systems library/program/sdk_win_64/sdk_win_64/winavr/bin/../lib/gcc/avr/4.3.3/avr5\libgcc.a(_unpack_sf.o)
 .debug_aranges
                0x000001c0       0x20 d:/embedded systems library/program/sdk_win_64/sdk_win_64/winavr/bin/../lib/gcc/avr/4.3.3/avr5\libgcc.a(_fpcmp_parts_sf.o)

.debug_pubnames
                0x00000000      0x232
 *(.debug_pubnames)
 .debug_pubnames
                0x00000000       0x23 d:/embedded systems library/program/sdk_win_64/sdk_win_64/winavr/bin/../lib/gcc/avr/4.3.3/avr5\libgcc.a(_fixunssfsi.o)
 .debug_pubnames
                0x00000023       0x2c d:/embedded systems library/program/sdk_win_64/sdk_win_64/winavr/bin/../lib/gcc/avr/4.3.3/avr5\libgcc.a(_addsub_sf.o)
 .debug_pubnames
                0x0000004f       0x1f d:/embedded systems library/program/sdk_win_64/sdk_win_64/winavr/bin/../lib/gcc/avr/4.3.3/avr5\libgcc.a(_mul_sf.o)
 .debug_pubnames
                0x0000006e       0x1f d:/embedded systems library/program/sdk_win_64/sdk_win_64/winavr/bin/../lib/gcc/avr/4.3.3/avr5\libgcc.a(_div_sf.o)
 .debug_pubnames
                0x0000008d       0x1e d:/embedded systems library/program/sdk_win_64/sdk_win_64/winavr/bin/../lib/gcc/avr/4.3.3/avr5\libgcc.a(_eq_sf.o)
 .debug_pubnames
                0x000000ab       0x1e d:/embedded systems library/program/sdk_win_64/sdk_win_64/winavr/bin/../lib/gcc/avr/4.3.3/avr5\libgcc.a(_gt_sf.o)
 .debug_pubnames
                0x000000c9       0x1e d:/embedded systems library/program/sdk_win_64/sdk_win_64/winavr/bin/../lib/gcc/avr/4.3.3/avr5\libgcc.a(_ge_sf.o)
 .debug_pubnames
                0x000000e7       0x1e d:/embedded systems library/program/sdk_win_64/sdk_win_64/winavr/bin/../lib/gcc/avr/4.3.3/avr5\libgcc.a(_lt_sf.o)
 .debug_pubnames
                0x00000105       0x22 d:/embedded systems library/program/sdk_win_64/sdk_win_64/winavr/bin/../lib/gcc/avr/4.3.3/avr5\libgcc.a(_si_to_sf.o)
 .debug_pubnames
                0x00000127       0x20 d:/embedded systems library/program/sdk_win_64/sdk_win_64/winavr/bin/../lib/gcc/avr/4.3.3/avr5\libgcc.a(_sf_to_si.o)
 .debug_pubnames
                0x00000147       0x22 d:/embedded systems library/program/sdk_win_64/sdk_win_64/winavr/bin/../lib/gcc/avr/4.3.3/avr5\libgcc.a(_thenan_sf.o)
 .debug_pubnames
                0x00000169       0x24 d:/embedded systems library/program/sdk_win_64/sdk_win_64/winavr/bin/../lib/gcc/avr/4.3.3/avr5\libgcc.a(_usi_to_sf.o)
 .debug_pubnames
                0x0000018d       0x1f d:/embedded systems library/program/sdk_win_64/sdk_win_64/winavr/bin/../lib/gcc/avr/4.3.3/avr5\libgcc.a(_clzsi2.o)
 .debug_pubnames
                0x000001ac       0x1f d:/embedded systems library/program/sdk_win_64/sdk_win_64/winavr/bin/../lib/gcc/avr/4.3.3/avr5\libgcc.a(_pack_sf.o)
 .debug_pubnames
                0x000001cb       0x21 d:/embedded systems library/program/sdk_win_64/sdk_win_64/winavr/bin/../lib/gcc/avr/4.3.3/avr5\libgcc.a(_unpack_sf.o)
 .debug_pubnames
                0x000001ec       0x26 d:/embedded systems library/program/sdk_win_64/sdk_win_64/winavr/bin/../lib/gcc/avr/4.3.3/avr5\libgcc.a(_fpcmp_parts_sf.o)
 .debug_pubnames
                0x00000212       0x20 d:/embedded systems library/program/sdk_win_64/sdk_win_64/winavr/bin/../lib/gcc/avr/4.3.3/avr5\libgcc.a(_clz.o)

.debug_info     0x00000000     0x2891
 *(.debug_info)
 .debug_info    0x00000000       0xb1 d:/embedded systems library/program/sdk_win_64/sdk_win_64/winavr/bin/../lib/gcc/avr/4.3.3/avr5\libgcc.a(_fixunssfsi.o)
 .debug_info    0x000000b1      0x47a d:/embedded systems library/program/sdk_win_64/sdk_win_64/winavr/bin/../lib/gcc/avr/4.3.3/avr5\libgcc.a(_addsub_sf.o)
 .debug_info    0x0000052b      0x485 d:/embedded systems library/program/sdk_win_64/sdk_win_64/winavr/bin/../lib/gcc/avr/4.3.3/avr5\libgcc.a(_mul_sf.o)
 .debug_info    0x000009b0      0x3fc d:/embedded systems library/program/sdk_win_64/sdk_win_64/winavr/bin/../lib/gcc/avr/4.3.3/avr5\libgcc.a(_div_sf.o)
 .debug_info    0x00000dac      0x27f d:/embedded systems library/program/sdk_win_64/sdk_win_64/winavr/bin/../lib/gcc/avr/4.3.3/avr5\libgcc.a(_eq_sf.o)
 .debug_info    0x0000102b      0x27f d:/embedded systems library/program/sdk_win_64/sdk_win_64/winavr/bin/../lib/gcc/avr/4.3.3/avr5\libgcc.a(_gt_sf.o)
 .debug_info    0x000012aa      0x27f d:/embedded systems library/program/sdk_win_64/sdk_win_64/winavr/bin/../lib/gcc/avr/4.3.3/avr5\libgcc.a(_ge_sf.o)
 .debug_info    0x00001529      0x27f d:/embedded systems library/program/sdk_win_64/sdk_win_64/winavr/bin/../lib/gcc/avr/4.3.3/avr5\libgcc.a(_lt_sf.o)
 .debug_info    0x000017a8      0x207 d:/embedded systems library/program/sdk_win_64/sdk_win_64/winavr/bin/../lib/gcc/avr/4.3.3/avr5\libgcc.a(_si_to_sf.o)
 .debug_info    0x000019af      0x2b0 d:/embedded systems library/program/sdk_win_64/sdk_win_64/winavr/bin/../lib/gcc/avr/4.3.3/avr5\libgcc.a(_sf_to_si.o)
 .debug_info    0x00001c5f      0x12c d:/embedded systems library/program/sdk_win_64/sdk_win_64/winavr/bin/../lib/gcc/avr/4.3.3/avr5\libgcc.a(_thenan_sf.o)
 .debug_info    0x00001d8b      0x206 d:/embedded systems library/program/sdk_win_64/sdk_win_64/winavr/bin/../lib/gcc/avr/4.3.3/avr5\libgcc.a(_usi_to_sf.o)
 .debug_info    0x00001f91      0x117 d:/embedded systems library/program/sdk_win_64/sdk_win_64/winavr/bin/../lib/gcc/avr/4.3.3/avr5\libgcc.a(_clzsi2.o)
 .debug_info    0x000020a8      0x2df d:/embedded systems library/program/sdk_win_64/sdk_win_64/winavr/bin/../lib/gcc/avr/4.3.3/avr5\libgcc.a(_pack_sf.o)
 .debug_info    0x00002387      0x251 d:/embedded systems library/program/sdk_win_64/sdk_win_64/winavr/bin/../lib/gcc/avr/4.3.3/avr5\libgcc.a(_unpack_sf.o)
 .debug_info    0x000025d8      0x210 d:/embedded systems library/program/sdk_win_64/sdk_win_64/winavr/bin/../lib/gcc/avr/4.3.3/avr5\libgcc.a(_fpcmp_parts_sf.o)
 .debug_info    0x000027e8       0xa9 d:/embedded systems library/program/sdk_win_64/sdk_win_64/winavr/bin/../lib/gcc/avr/4.3.3/avr5\libgcc.a(_clz.o)
 *(.gnu.linkonce.wi.*)

.debug_abbrev   0x00000000     0x1628
 *(.debug_abbrev)
 .debug_abbrev  0x00000000       0x5d d:/embedded systems library/program/sdk_win_64/sdk_win_64/winavr/bin/../lib/gcc/avr/4.3.3/avr5\libgcc.a(_fixunssfsi.o)
 .debug_abbrev  0x0000005d      0x1ea d:/embedded systems library/program/sdk_win_64/sdk_win_64/winavr/bin/../lib/gcc/avr/4.3.3/avr5\libgcc.a(_addsub_sf.o)
 .debug_abbrev  0x00000247      0x21b d:/embedded systems library/program/sdk_win_64/sdk_win_64/winavr/bin/../lib/gcc/avr/4.3.3/avr5\libgcc.a(_mul_sf.o)
 .debug_abbrev  0x00000462      0x216 d:/embedded systems library/program/sdk_win_64/sdk_win_64/winavr/bin/../lib/gcc/avr/4.3.3/avr5\libgcc.a(_div_sf.o)
 .debug_abbrev  0x00000678      0x15a d:/embedded systems library/program/sdk_win_64/sdk_win_64/winavr/bin/../lib/gcc/avr/4.3.3/avr5\libgcc.a(_eq_sf.o)
 .debug_abbrev  0x000007d2      0x15a d:/embedded systems library/program/sdk_win_64/sdk_win_64/winavr/bin/../lib/gcc/avr/4.3.3/avr5\libgcc.a(_gt_sf.o)
 .debug_abbrev  0x0000092c      0x15a d:/embedded systems library/program/sdk_win_64/sdk_win_64/winavr/bin/../lib/gcc/avr/4.3.3/avr5\libgcc.a(_ge_sf.o)
 .debug_abbrev  0x00000a86      0x15a d:/embedded systems library/program/sdk_win_64/sdk_win_64/winavr/bin/../lib/gcc/avr/4.3.3/avr5\libgcc.a(_lt_sf.o)
 .debug_abbrev  0x00000be0      0x148 d:/embedded systems library/program/sdk_win_64/sdk_win_64/winavr/bin/../lib/gcc/avr/4.3.3/avr5\libgcc.a(_si_to_sf.o)
 .debug_abbrev  0x00000d28      0x17f d:/embedded systems library/program/sdk_win_64/sdk_win_64/winavr/bin/../lib/gcc/avr/4.3.3/avr5\libgcc.a(_sf_to_si.o)
 .debug_abbrev  0x00000ea7       0xad d:/embedded systems library/program/sdk_win_64/sdk_win_64/winavr/bin/../lib/gcc/avr/4.3.3/avr5\libgcc.a(_thenan_sf.o)
 .debug_abbrev  0x00000f54      0x157 d:/embedded systems library/program/sdk_win_64/sdk_win_64/winavr/bin/../lib/gcc/avr/4.3.3/avr5\libgcc.a(_usi_to_sf.o)
 .debug_abbrev  0x000010ab       0xc4 d:/embedded systems library/program/sdk_win_64/sdk_win_64/winavr/bin/../lib/gcc/avr/4.3.3/avr5\libgcc.a(_clzsi2.o)
 .debug_abbrev  0x0000116f      0x1c0 d:/embedded systems library/program/sdk_win_64/sdk_win_64/winavr/bin/../lib/gcc/avr/4.3.3/avr5\libgcc.a(_pack_sf.o)
 .debug_abbrev  0x0000132f      0x154 d:/embedded systems library/program/sdk_win_64/sdk_win_64/winavr/bin/../lib/gcc/avr/4.3.3/avr5\libgcc.a(_unpack_sf.o)
 .debug_abbrev  0x00001483      0x13b d:/embedded systems library/program/sdk_win_64/sdk_win_64/winavr/bin/../lib/gcc/avr/4.3.3/avr5\libgcc.a(_fpcmp_parts_sf.o)
 .debug_abbrev  0x000015be       0x6a d:/embedded systems library/program/sdk_win_64/sdk_win_64/winavr/bin/../lib/gcc/avr/4.3.3/avr5\libgcc.a(_clz.o)

.debug_line     0x00000000     0x13de
 *(.debug_line)
 .debug_line    0x00000000       0xa7 d:/embedded systems library/program/sdk_win_64/sdk_win_64/winavr/bin/../lib/gcc/avr/4.3.3/avr5\libgcc.a(_fixunssfsi.o)
 .debug_line    0x000000a7      0x2af d:/embedded systems library/program/sdk_win_64/sdk_win_64/winavr/bin/../lib/gcc/avr/4.3.3/avr5\libgcc.a(_addsub_sf.o)
 .debug_line    0x00000356      0x239 d:/embedded systems library/program/sdk_win_64/sdk_win_64/winavr/bin/../lib/gcc/avr/4.3.3/avr5\libgcc.a(_mul_sf.o)
 .debug_line    0x0000058f      0x1d5 d:/embedded systems library/program/sdk_win_64/sdk_win_64/winavr/bin/../lib/gcc/avr/4.3.3/avr5\libgcc.a(_div_sf.o)
 .debug_line    0x00000764       0xd3 d:/embedded systems library/program/sdk_win_64/sdk_win_64/winavr/bin/../lib/gcc/avr/4.3.3/avr5\libgcc.a(_eq_sf.o)
 .debug_line    0x00000837       0xd3 d:/embedded systems library/program/sdk_win_64/sdk_win_64/winavr/bin/../lib/gcc/avr/4.3.3/avr5\libgcc.a(_gt_sf.o)
 .debug_line    0x0000090a       0xd3 d:/embedded systems library/program/sdk_win_64/sdk_win_64/winavr/bin/../lib/gcc/avr/4.3.3/avr5\libgcc.a(_ge_sf.o)
 .debug_line    0x000009dd       0xd3 d:/embedded systems library/program/sdk_win_64/sdk_win_64/winavr/bin/../lib/gcc/avr/4.3.3/avr5\libgcc.a(_lt_sf.o)
 .debug_line    0x00000ab0      0x135 d:/embedded systems library/program/sdk_win_64/sdk_win_64/winavr/bin/../lib/gcc/avr/4.3.3/avr5\libgcc.a(_si_to_sf.o)
 .debug_line    0x00000be5      0x109 d:/embedded systems library/program/sdk_win_64/sdk_win_64/winavr/bin/../lib/gcc/avr/4.3.3/avr5\libgcc.a(_sf_to_si.o)
 .debug_line    0x00000cee       0x90 d:/embedded systems library/program/sdk_win_64/sdk_win_64/winavr/bin/../lib/gcc/avr/4.3.3/avr5\libgcc.a(_thenan_sf.o)
 .debug_line    0x00000d7e      0x133 d:/embedded systems library/program/sdk_win_64/sdk_win_64/winavr/bin/../lib/gcc/avr/4.3.3/avr5\libgcc.a(_usi_to_sf.o)
 .debug_line    0x00000eb1       0xa5 d:/embedded systems library/program/sdk_win_64/sdk_win_64/winavr/bin/../lib/gcc/avr/4.3.3/avr5\libgcc.a(_clzsi2.o)
 .debug_line    0x00000f56      0x18a d:/embedded systems library/program/sdk_win_64/sdk_win_64/winavr/bin/../lib/gcc/avr/4.3.3/avr5\libgcc.a(_pack_sf.o)
 .debug_line    0x000010e0      0x14b d:/embedded systems library/program/sdk_win_64/sdk_win_64/winavr/bin/../lib/gcc/avr/4.3.3/avr5\libgcc.a(_unpack_sf.o)
 .debug_line    0x0000122b      0x137 d:/embedded systems library/program/sdk_win_64/sdk_win_64/winavr/bin/../lib/gcc/avr/4.3.3/avr5\libgcc.a(_fpcmp_parts_sf.o)
 .debug_line    0x00001362       0x7c d:/embedded systems library/program/sdk_win_64/sdk_win_64/winavr/bin/../lib/gcc/avr/4.3.3/avr5\libgcc.a(_clz.o)

.debug_frame    0x00000000      0x200
 *(.debug_frame)
 .debug_frame   0x00000000       0x20 d:/embedded systems library/program/sdk_win_64/sdk_win_64/winavr/bin/../lib/gcc/avr/4.3.3/avr5\libgcc.a(_fixunssfsi.o)
 .debug_frame   0x00000020       0x40 d:/embedded systems library/program/sdk_win_64/sdk_win_64/winavr/bin/../lib/gcc/avr/4.3.3/avr5\libgcc.a(_addsub_sf.o)
 .debug_frame   0x00000060       0x20 d:/embedded systems library/program/sdk_win_64/sdk_win_64/winavr/bin/../lib/gcc/avr/4.3.3/avr5\libgcc.a(_mul_sf.o)
 .debug_frame   0x00000080       0x20 d:/embedded systems library/program/sdk_win_64/sdk_win_64/winavr/bin/../lib/gcc/avr/4.3.3/avr5\libgcc.a(_div_sf.o)
 .debug_frame   0x000000a0       0x20 d:/embedded systems library/program/sdk_win_64/sdk_win_64/winavr/bin/../lib/gcc/avr/4.3.3/avr5\libgcc.a(_eq_sf.o)
 .debug_frame   0x000000c0       0x20 d:/embedded systems library/program/sdk_win_64/sdk_win_64/winavr/bin/../lib/gcc/avr/4.3.3/avr5\libgcc.a(_gt_sf.o)
 .debug_frame   0x000000e0       0x20 d:/embedded systems library/program/sdk_win_64/sdk_win_64/winavr/bin/../lib/gcc/avr/4.3.3/avr5\libgcc.a(_ge_sf.o)
 .debug_frame   0x00000100       0x20 d:/embedded systems library/program/sdk_win_64/sdk_win_64/winavr/bin/../lib/gcc/avr/4.3.3/avr5\libgcc.a(_lt_sf.o)
 .debug_frame   0x00000120       0x20 d:/embedded systems library/program/sdk_win_64/sdk_win_64/winavr/bin/../lib/gcc/avr/4.3.3/avr5\libgcc.a(_si_to_sf.o)
 .debug_frame   0x00000140       0x20 d:/embedded systems library/program/sdk_win_64/sdk_win_64/winavr/bin/../lib/gcc/avr/4.3.3/avr5\libgcc.a(_sf_to_si.o)
 .debug_frame   0x00000160       0x20 d:/embedded systems library/program/sdk_win_64/sdk_win_64/winavr/bin/../lib/gcc/avr/4.3.3/avr5\libgcc.a(_usi_to_sf.o)
 .debug_frame   0x00000180       0x20 d:/embedded systems library/program/sdk_win_64/sdk_win_64/winavr/bin/../lib/gcc/avr/4.3.3/avr5\libgcc.a(_clzsi2.o)
 .debug_frame   0x000001a0       0x20 d:/embedded systems library/program/sdk_win_64/sdk_win_64/winavr/bin/../lib/gcc/avr/4.3.3/avr5\libgcc.a(_pack_sf.o)
 .debug_frame   0x000001c0       0x20 d:/embedded systems library/program/sdk_win_64/sdk_win_64/winavr/bin/../lib/gcc/avr/4.3.3/avr5\libgcc.a(_unpack_sf.o)
 .debug_frame   0x000001e0       0x20 d:/embedded systems library/program/sdk_win_64/sdk_win_64/winavr/bin/../lib/gcc/avr/4.3.3/avr5\libgcc.a(_fpcmp_parts_sf.o)

.debug_str      0x00000000      0x30f
 *(.debug_str)
 .debug_str     0x00000000       0xbf d:/embedded systems library/program/sdk_win_64/sdk_win_64/winavr/bin/../lib/gcc/avr/4.3.3/avr5\libgcc.a(_fixunssfsi.o)
                                 0xfe (size before relaxing)
 .debug_str     0x000000bf      0x14d d:/embedded systems library/program/sdk_win_64/sdk_win_64/winavr/bin/../lib/gcc/avr/4.3.3/avr5\libgcc.a(_addsub_sf.o)
                                0x206 (size before relaxing)
 .debug_str     0x0000020c       0x27 d:/embedded systems library/program/sdk_win_64/sdk_win_64/winavr/bin/../lib/gcc/avr/4.3.3/avr5\libgcc.a(_mul_sf.o)
                                0x1bf (size before relaxing)
 .debug_str     0x00000233       0x35 d:/embedded systems library/program/sdk_win_64/sdk_win_64/winavr/bin/../lib/gcc/avr/4.3.3/avr5\libgcc.a(_div_sf.o)
                                0x1c8 (size before relaxing)
 .debug_str     0x00000268        0x8 d:/embedded systems library/program/sdk_win_64/sdk_win_64/winavr/bin/../lib/gcc/avr/4.3.3/avr5\libgcc.a(_eq_sf.o)
                                0x195 (size before relaxing)
 .debug_str     0x00000270        0x8 d:/embedded systems library/program/sdk_win_64/sdk_win_64/winavr/bin/../lib/gcc/avr/4.3.3/avr5\libgcc.a(_gt_sf.o)
                                0x195 (size before relaxing)
 .debug_str     0x00000278        0x8 d:/embedded systems library/program/sdk_win_64/sdk_win_64/winavr/bin/../lib/gcc/avr/4.3.3/avr5\libgcc.a(_ge_sf.o)
                                0x195 (size before relaxing)
 .debug_str     0x00000280        0x8 d:/embedded systems library/program/sdk_win_64/sdk_win_64/winavr/bin/../lib/gcc/avr/4.3.3/avr5\libgcc.a(_lt_sf.o)
                                0x195 (size before relaxing)
 .debug_str     0x00000288       0x1e d:/embedded systems library/program/sdk_win_64/sdk_win_64/winavr/bin/../lib/gcc/avr/4.3.3/avr5\libgcc.a(_si_to_sf.o)
                                0x17b (size before relaxing)
 .debug_str     0x000002a6        0xa d:/embedded systems library/program/sdk_win_64/sdk_win_64/winavr/bin/../lib/gcc/avr/4.3.3/avr5\libgcc.a(_sf_to_si.o)
                                0x19e (size before relaxing)
 .debug_str     0x00000000      0x103 d:/embedded systems library/program/sdk_win_64/sdk_win_64/winavr/bin/../lib/gcc/avr/4.3.3/avr5\libgcc.a(_thenan_sf.o)
 .debug_str     0x000002b0       0x14 d:/embedded systems library/program/sdk_win_64/sdk_win_64/winavr/bin/../lib/gcc/avr/4.3.3/avr5\libgcc.a(_usi_to_sf.o)
                                0x177 (size before relaxing)
 .debug_str     0x000002c4       0x20 d:/embedded systems library/program/sdk_win_64/sdk_win_64/winavr/bin/../lib/gcc/avr/4.3.3/avr5\libgcc.a(_clzsi2.o)
                                0x111 (size before relaxing)
 .debug_str     0x000002e4       0x10 d:/embedded systems library/program/sdk_win_64/sdk_win_64/winavr/bin/../lib/gcc/avr/4.3.3/avr5\libgcc.a(_pack_sf.o)
                                0x19d (size before relaxing)
 .debug_str     0x000002f4        0xb d:/embedded systems library/program/sdk_win_64/sdk_win_64/winavr/bin/../lib/gcc/avr/4.3.3/avr5\libgcc.a(_unpack_sf.o)
                                0x17f (size before relaxing)
 .debug_str     0x000002ff       0x10 d:/embedded systems library/program/sdk_win_64/sdk_win_64/winavr/bin/../lib/gcc/avr/4.3.3/avr5\libgcc.a(_fpcmp_parts_sf.o)
                                0x163 (size before relaxing)
 .debug_str     0x00000000       0xf4 d:/embedded systems library/program/sdk_win_64/sdk_win_64/winavr/bin/../lib/gcc/avr/4.3.3/avr5\libgcc.a(_clz.o)

.debug_loc      0x00000000      0xa56
 *(.debug_loc)
 .debug_loc     0x00000000       0x34 d:/embedded systems library/program/sdk_win_64/sdk_win_64/winavr/bin/../lib/gcc/avr/4.3.3/avr5\libgcc.a(_fixunssfsi.o)
 .debug_loc     0x00000034      0x32a d:/embedded systems library/program/sdk_win_64/sdk_win_64/winavr/bin/../lib/gcc/avr/4.3.3/avr5\libgcc.a(_addsub_sf.o)
 .debug_loc     0x0000035e      0x104 d:/embedded systems library/program/sdk_win_64/sdk_win_64/winavr/bin/../lib/gcc/avr/4.3.3/avr5\libgcc.a(_mul_sf.o)
 .debug_loc     0x00000462       0xc0 d:/embedded systems library/program/sdk_win_64/sdk_win_64/winavr/bin/../lib/gcc/avr/4.3.3/avr5\libgcc.a(_div_sf.o)
 .debug_loc     0x00000522       0x3c d:/embedded systems library/program/sdk_win_64/sdk_win_64/winavr/bin/../lib/gcc/avr/4.3.3/avr5\libgcc.a(_eq_sf.o)
 .debug_loc     0x0000055e       0x3c d:/embedded systems library/program/sdk_win_64/sdk_win_64/winavr/bin/../lib/gcc/avr/4.3.3/avr5\libgcc.a(_gt_sf.o)
 .debug_loc     0x0000059a       0x3c d:/embedded systems library/program/sdk_win_64/sdk_win_64/winavr/bin/../lib/gcc/avr/4.3.3/avr5\libgcc.a(_ge_sf.o)
 .debug_loc     0x000005d6       0x3c d:/embedded systems library/program/sdk_win_64/sdk_win_64/winavr/bin/../lib/gcc/avr/4.3.3/avr5\libgcc.a(_lt_sf.o)
 .debug_loc     0x00000612       0xac d:/embedded systems library/program/sdk_win_64/sdk_win_64/winavr/bin/../lib/gcc/avr/4.3.3/avr5\libgcc.a(_si_to_sf.o)
 .debug_loc     0x000006be       0x7e d:/embedded systems library/program/sdk_win_64/sdk_win_64/winavr/bin/../lib/gcc/avr/4.3.3/avr5\libgcc.a(_sf_to_si.o)
 .debug_loc     0x0000073c       0x4c d:/embedded systems library/program/sdk_win_64/sdk_win_64/winavr/bin/../lib/gcc/avr/4.3.3/avr5\libgcc.a(_usi_to_sf.o)
 .debug_loc     0x00000788       0x94 d:/embedded systems library/program/sdk_win_64/sdk_win_64/winavr/bin/../lib/gcc/avr/4.3.3/avr5\libgcc.a(_clzsi2.o)
 .debug_loc     0x0000081c      0x13e d:/embedded systems library/program/sdk_win_64/sdk_win_64/winavr/bin/../lib/gcc/avr/4.3.3/avr5\libgcc.a(_pack_sf.o)
 .debug_loc     0x0000095a       0xac d:/embedded systems library/program/sdk_win_64/sdk_win_64/winavr/bin/../lib/gcc/avr/4.3.3/avr5\libgcc.a(_unpack_sf.o)
 .debug_loc     0x00000a06       0x50 d:/embedded systems library/program/sdk_win_64/sdk_win_64/winavr/bin/../lib/gcc/avr/4.3.3/avr5\libgcc.a(_fpcmp_parts_sf.o)

.debug_macinfo
 *(.debug_macinfo)
OUTPUT(ULTRASONIC.elf elf32-avr)
LOAD linker stubs

.debug_ranges   0x00000000       0x50
 .debug_ranges  0x00000000       0x50 d:/embedded systems library/program/sdk_win_64/sdk_win_64/winavr/bin/../lib/gcc/avr/4.3.3/avr5\libgcc.a(_mul_sf.o)
