Archive member included because of file (symbol)

d:/sdk_win_64/sdk_win_64/sdk_win_64/winavr/bin/../lib/gcc/avr/4.3.3/avr5\libgcc.a(_mulsi3.o)
                              ./TIMER_0_prog.o (__mulsi3)
d:/sdk_win_64/sdk_win_64/sdk_win_64/winavr/bin/../lib/gcc/avr/4.3.3/avr5\libgcc.a(_udivmodsi4.o)
                              ./TIMER_0_prog.o (__udivmodsi4)
d:/sdk_win_64/sdk_win_64/sdk_win_64/winavr/bin/../lib/gcc/avr/4.3.3/avr5\libgcc.a(_exit.o)
                              d:/sdk_win_64/sdk_win_64/sdk_win_64/winavr/bin/../lib/gcc/avr/4.3.3/../../../../avr/lib/avr5/crtm32.o (exit)
d:/sdk_win_64/sdk_win_64/sdk_win_64/winavr/bin/../lib/gcc/avr/4.3.3/avr5\libgcc.a(_clear_bss.o)
                              ./RTOS_prog.o (__do_clear_bss)

Memory Configuration

Name             Origin             Length             Attributes
text             0x00000000         0x00020000         xr
data             0x00800060         0x0000ffa0         rw !x
eeprom           0x00810000         0x00010000         rw !x
fuse             0x00820000         0x00000400         rw !x
lock             0x00830000         0x00000400         rw !x
signature        0x00840000         0x00000400         rw !x
*default*        0x00000000         0xffffffff

Linker script and memory map

LOAD d:/sdk_win_64/sdk_win_64/sdk_win_64/winavr/bin/../lib/gcc/avr/4.3.3/../../../../avr/lib/avr5/crtm32.o
LOAD ./DIO_prog.o
LOAD ./GIE_prog.o
LOAD ./PORT_prog.o
LOAD ./RTOS_prog.o
LOAD ./TIMER_0_prog.o
LOAD ./main.o
LOAD d:/sdk_win_64/sdk_win_64/sdk_win_64/winavr/bin/../lib/gcc/avr/4.3.3/avr5\libgcc.a
LOAD d:/sdk_win_64/sdk_win_64/sdk_win_64/winavr/bin/../lib/gcc/avr/4.3.3/../../../../avr/lib/avr5\libc.a
LOAD d:/sdk_win_64/sdk_win_64/sdk_win_64/winavr/bin/../lib/gcc/avr/4.3.3/avr5\libgcc.a

.hash
 *(.hash)

.dynsym
 *(.dynsym)

.dynstr
 *(.dynstr)

.gnu.version
 *(.gnu.version)

.gnu.version_d
 *(.gnu.version_d)

.gnu.version_r
 *(.gnu.version_r)

.rel.init
 *(.rel.init)

.rela.init
 *(.rela.init)

.rel.text
 *(.rel.text)
 *(.rel.text.*)
 *(.rel.gnu.linkonce.t*)

.rela.text
 *(.rela.text)
 *(.rela.text.*)
 *(.rela.gnu.linkonce.t*)

.rel.fini
 *(.rel.fini)

.rela.fini
 *(.rela.fini)

.rel.rodata
 *(.rel.rodata)
 *(.rel.rodata.*)
 *(.rel.gnu.linkonce.r*)

.rela.rodata
 *(.rela.rodata)
 *(.rela.rodata.*)
 *(.rela.gnu.linkonce.r*)

.rel.data
 *(.rel.data)
 *(.rel.data.*)
 *(.rel.gnu.linkonce.d*)

.rela.data
 *(.rela.data)
 *(.rela.data.*)
 *(.rela.gnu.linkonce.d*)

.rel.ctors
 *(.rel.ctors)

.rela.ctors
 *(.rela.ctors)

.rel.dtors
 *(.rel.dtors)

.rela.dtors
 *(.rela.dtors)

.rel.got
 *(.rel.got)

.rela.got
 *(.rela.got)

.rel.bss
 *(.rel.bss)

.rela.bss
 *(.rela.bss)

.rel.plt
 *(.rel.plt)

.rela.plt
 *(.rela.plt)

.text           0x00000000      0xcf8
 *(.vectors)
 .vectors       0x00000000       0x54 d:/sdk_win_64/sdk_win_64/sdk_win_64/winavr/bin/../lib/gcc/avr/4.3.3/../../../../avr/lib/avr5/crtm32.o
                0x00000000                __vectors
                0x00000000                __vector_default
 *(.vectors)
 *(.progmem.gcc*)
 *(.progmem*)
                0x00000054                . = ALIGN (0x2)
                0x00000054                __trampolines_start = .
 *(.trampolines)
 .trampolines   0x00000054        0x0 linker stubs
 *(.trampolines*)
                0x00000054                __trampolines_end = .
 *(.jumptables)
 *(.jumptables*)
 *(.lowtext)
 *(.lowtext*)
                0x00000054                __ctors_start = .
 *(.ctors)
                0x00000054                __ctors_end = .
                0x00000054                __dtors_start = .
 *(.dtors)
                0x00000054                __dtors_end = .
 SORT(*)(.ctors)
 SORT(*)(.dtors)
 *(.init0)
 .init0         0x00000054        0x0 d:/sdk_win_64/sdk_win_64/sdk_win_64/winavr/bin/../lib/gcc/avr/4.3.3/../../../../avr/lib/avr5/crtm32.o
                0x00000054                __init
 *(.init0)
 *(.init1)
 *(.init1)
 *(.init2)
 .init2         0x00000054        0xc d:/sdk_win_64/sdk_win_64/sdk_win_64/winavr/bin/../lib/gcc/avr/4.3.3/../../../../avr/lib/avr5/crtm32.o
 *(.init2)
 *(.init3)
 *(.init3)
 *(.init4)
 .init4         0x00000060       0x10 d:/sdk_win_64/sdk_win_64/sdk_win_64/winavr/bin/../lib/gcc/avr/4.3.3/avr5\libgcc.a(_clear_bss.o)
                0x00000060                __do_clear_bss
 *(.init4)
 *(.init5)
 *(.init5)
 *(.init6)
 *(.init6)
 *(.init7)
 *(.init7)
 *(.init8)
 *(.init8)
 *(.init9)
 .init9         0x00000070        0x8 d:/sdk_win_64/sdk_win_64/sdk_win_64/winavr/bin/../lib/gcc/avr/4.3.3/../../../../avr/lib/avr5/crtm32.o
 *(.init9)
 *(.text)
 .text          0x00000078        0x4 d:/sdk_win_64/sdk_win_64/sdk_win_64/winavr/bin/../lib/gcc/avr/4.3.3/../../../../avr/lib/avr5/crtm32.o
                0x00000078                __vector_1
                0x00000078                __vector_12
                0x00000078                __bad_interrupt
                0x00000078                __vector_6
                0x00000078                __vector_3
                0x00000078                __vector_11
                0x00000078                __vector_13
                0x00000078                __vector_17
                0x00000078                __vector_19
                0x00000078                __vector_7
                0x00000078                __vector_5
                0x00000078                __vector_4
                0x00000078                __vector_9
                0x00000078                __vector_2
                0x00000078                __vector_15
                0x00000078                __vector_8
                0x00000078                __vector_14
                0x00000078                __vector_16
                0x00000078                __vector_18
                0x00000078                __vector_20
 .text          0x0000007c        0x0 ./DIO_prog.o
 .text          0x0000007c        0x0 ./GIE_prog.o
 .text          0x0000007c        0x0 ./PORT_prog.o
 .text          0x0000007c        0x0 ./RTOS_prog.o
 .text          0x0000007c        0x0 ./TIMER_0_prog.o
 .text          0x0000007c        0x0 ./main.o
 .text          0x0000007c        0x0 d:/sdk_win_64/sdk_win_64/sdk_win_64/winavr/bin/../lib/gcc/avr/4.3.3/avr5\libgcc.a(_mulsi3.o)
 .text          0x0000007c        0x0 d:/sdk_win_64/sdk_win_64/sdk_win_64/winavr/bin/../lib/gcc/avr/4.3.3/avr5\libgcc.a(_udivmodsi4.o)
 .text          0x0000007c        0x0 d:/sdk_win_64/sdk_win_64/sdk_win_64/winavr/bin/../lib/gcc/avr/4.3.3/avr5\libgcc.a(_exit.o)
 .text          0x0000007c        0x0 d:/sdk_win_64/sdk_win_64/sdk_win_64/winavr/bin/../lib/gcc/avr/4.3.3/avr5\libgcc.a(_clear_bss.o)
                0x0000007c                . = ALIGN (0x2)
 *(.text.*)
 .text.DIO_u8SetPinValue
                0x0000007c      0x224 ./DIO_prog.o
                0x0000007c                DIO_u8SetPinValue
 .text.DIO_u8SetPortValue
                0x000002a0       0x9c ./DIO_prog.o
                0x000002a0                DIO_u8SetPortValue
 .text.DIO_u8GetPinValue
                0x0000033c      0x130 ./DIO_prog.o
                0x0000033c                DIO_u8GetPinValue
 .text.DIO_u8AndWithPort
                0x0000046c       0x9a ./DIO_prog.o
                0x0000046c                DIO_u8AndWithPort
 .text.GIE_VoidEnable
                0x00000506       0x1c ./GIE_prog.o
                0x00000506                GIE_VoidEnable
 .text.GIE_VoidDisable
                0x00000522       0x1c ./GIE_prog.o
                0x00000522                GIE_VoidDisable
 .text.PORT_VoidInit
                0x0000053e       0x40 ./PORT_prog.o
                0x0000053e                PORT_VoidInit
 .text.RTOS_voidStart
                0x0000057e       0x46 ./RTOS_prog.o
                0x0000057e                RTOS_voidStart
 .text.RTOS_u8CreateTask
                0x000005c4       0xfa ./RTOS_prog.o
                0x000005c4                RTOS_u8CreateTask
 .text.RTOS_voidSuspendTask
                0x000006be       0x34 ./RTOS_prog.o
                0x000006be                RTOS_voidSuspendTask
 .text.RTOS_voidResumeTask
                0x000006f2       0x36 ./RTOS_prog.o
                0x000006f2                RTOS_voidResumeTask
 .text.RTOS_voidDeleteTask
                0x00000728       0x36 ./RTOS_prog.o
                0x00000728                RTOS_voidDeleteTask
 .text.voidScheduler
                0x0000075e      0x150 ./RTOS_prog.o
 .text.TIMER0_voidInit
                0x000008ae       0x54 ./TIMER_0_prog.o
                0x000008ae                TIMER0_voidInit
 .text.TIMER0_voidSetTime_ms
                0x00000902      0x100 ./TIMER_0_prog.o
                0x00000902                TIMER0_voidSetTime_ms
 .text.TIMER0_voidStart
                0x00000a02       0x2a ./TIMER_0_prog.o
                0x00000a02                TIMER0_voidStart
 .text.TIMER0_voidStop
                0x00000a2c       0x1c ./TIMER_0_prog.o
                0x00000a2c                TIMER0_voidStop
 .text.TIMER0_u8SetCallBack
                0x00000a48       0x3a ./TIMER_0_prog.o
                0x00000a48                TIMER0_u8SetCallBack
 .text.PWM0_voidInit
                0x00000a82        0xe ./TIMER_0_prog.o
                0x00000a82                PWM0_voidInit
 .text.PWM0_voidSetDutyCycle
                0x00000a90       0x14 ./TIMER_0_prog.o
                0x00000a90                PWM0_voidSetDutyCycle
 .text.PWM0_voidStart
                0x00000aa4       0x2a ./TIMER_0_prog.o
                0x00000aa4                PWM0_voidStart
 .text.PWM0_voidStop
                0x00000ace       0x1c ./TIMER_0_prog.o
                0x00000ace                PWM0_voidStop
 .text.__vector_10
                0x00000aea       0xba ./TIMER_0_prog.o
                0x00000aea                __vector_10
 .text.main     0x00000ba4       0x56 ./main.o
                0x00000ba4                main
 .text.LED_1    0x00000bfa       0x28 ./main.o
                0x00000bfa                LED_1
 .text.LED_2    0x00000c22       0x28 ./main.o
                0x00000c22                LED_2
 .text.LED_3    0x00000c4a       0x28 ./main.o
                0x00000c4a                LED_3
 .text.libgcc   0x00000c72       0x3e d:/sdk_win_64/sdk_win_64/sdk_win_64/winavr/bin/../lib/gcc/avr/4.3.3/avr5\libgcc.a(_mulsi3.o)
                0x00000c72                __mulsi3
 .text.libgcc   0x00000cb0       0x44 d:/sdk_win_64/sdk_win_64/sdk_win_64/winavr/bin/../lib/gcc/avr/4.3.3/avr5\libgcc.a(_udivmodsi4.o)
                0x00000cb0                __udivmodsi4
 .text.libgcc   0x00000cf4        0x0 d:/sdk_win_64/sdk_win_64/sdk_win_64/winavr/bin/../lib/gcc/avr/4.3.3/avr5\libgcc.a(_exit.o)
 .text.libgcc   0x00000cf4        0x0 d:/sdk_win_64/sdk_win_64/sdk_win_64/winavr/bin/../lib/gcc/avr/4.3.3/avr5\libgcc.a(_clear_bss.o)
                0x00000cf4                . = ALIGN (0x2)
 *(.fini9)
 .fini9         0x00000cf4        0x0 d:/sdk_win_64/sdk_win_64/sdk_win_64/winavr/bin/../lib/gcc/avr/4.3.3/avr5\libgcc.a(_exit.o)
                0x00000cf4                exit
                0x00000cf4                _exit
 *(.fini9)
 *(.fini8)
 *(.fini8)
 *(.fini7)
 *(.fini7)
 *(.fini6)
 *(.fini6)
 *(.fini5)
 *(.fini5)
 *(.fini4)
 *(.fini4)
 *(.fini3)
 *(.fini3)
 *(.fini2)
 *(.fini2)
 *(.fini1)
 *(.fini1)
 *(.fini0)
 .fini0         0x00000cf4        0x4 d:/sdk_win_64/sdk_win_64/sdk_win_64/winavr/bin/../lib/gcc/avr/4.3.3/avr5\libgcc.a(_exit.o)
 *(.fini0)
                0x00000cf8                _etext = .

.data           0x00800060        0x0 load address 0x00000cf8
                0x00800060                PROVIDE (__data_start, .)
 *(.data)
 .data          0x00800060        0x0 d:/sdk_win_64/sdk_win_64/sdk_win_64/winavr/bin/../lib/gcc/avr/4.3.3/../../../../avr/lib/avr5/crtm32.o
 .data          0x00800060        0x0 ./DIO_prog.o
 .data          0x00800060        0x0 ./GIE_prog.o
 .data          0x00800060        0x0 ./PORT_prog.o
 .data          0x00800060        0x0 ./RTOS_prog.o
 .data          0x00800060        0x0 ./TIMER_0_prog.o
 .data          0x00800060        0x0 ./main.o
 .data          0x00800060        0x0 d:/sdk_win_64/sdk_win_64/sdk_win_64/winavr/bin/../lib/gcc/avr/4.3.3/avr5\libgcc.a(_mulsi3.o)
 .data          0x00800060        0x0 d:/sdk_win_64/sdk_win_64/sdk_win_64/winavr/bin/../lib/gcc/avr/4.3.3/avr5\libgcc.a(_udivmodsi4.o)
 .data          0x00800060        0x0 d:/sdk_win_64/sdk_win_64/sdk_win_64/winavr/bin/../lib/gcc/avr/4.3.3/avr5\libgcc.a(_exit.o)
 .data          0x00800060        0x0 d:/sdk_win_64/sdk_win_64/sdk_win_64/winavr/bin/../lib/gcc/avr/4.3.3/avr5\libgcc.a(_clear_bss.o)
 *(.data*)
 *(.rodata)
 *(.rodata*)
 *(.gnu.linkonce.d*)
                0x00800060                . = ALIGN (0x2)
                0x00800060                _edata = .
                0x00800060                PROVIDE (__data_end, .)

.bss            0x00800060       0x22
                0x00800060                PROVIDE (__bss_start, .)
 *(.bss)
 .bss           0x00800060        0x0 d:/sdk_win_64/sdk_win_64/sdk_win_64/winavr/bin/../lib/gcc/avr/4.3.3/../../../../avr/lib/avr5/crtm32.o
 .bss           0x00800060        0x0 ./DIO_prog.o
 .bss           0x00800060        0x0 ./GIE_prog.o
 .bss           0x00800060        0x0 ./PORT_prog.o
 .bss           0x00800060        0x0 ./RTOS_prog.o
 .bss           0x00800060        0x0 ./TIMER_0_prog.o
 .bss           0x00800060        0x0 ./main.o
 .bss           0x00800060        0x0 d:/sdk_win_64/sdk_win_64/sdk_win_64/winavr/bin/../lib/gcc/avr/4.3.3/avr5\libgcc.a(_mulsi3.o)
 .bss           0x00800060        0x0 d:/sdk_win_64/sdk_win_64/sdk_win_64/winavr/bin/../lib/gcc/avr/4.3.3/avr5\libgcc.a(_udivmodsi4.o)
 .bss           0x00800060        0x0 d:/sdk_win_64/sdk_win_64/sdk_win_64/winavr/bin/../lib/gcc/avr/4.3.3/avr5\libgcc.a(_exit.o)
 .bss           0x00800060        0x0 d:/sdk_win_64/sdk_win_64/sdk_win_64/winavr/bin/../lib/gcc/avr/4.3.3/avr5\libgcc.a(_clear_bss.o)
 *(.bss*)
 .bss.SystemTasks
                0x00800060       0x15 ./RTOS_prog.o
                0x00800060                SystemTasks
 .bss.TIMER0_pvCallBackNotificationFunc
                0x00800075        0x2 ./TIMER_0_prog.o
 .bss.Local_u32Counter.1352
                0x00800077        0x4 ./TIMER_0_prog.o
 .bss.CTC_u32NoOfCompMatch
                0x0080007b        0x4 ./TIMER_0_prog.o
 .bss.Local_u8LedState.1230
                0x0080007f        0x1 ./main.o
 .bss.Local_u8LedState.1237
                0x00800080        0x1 ./main.o
 .bss.Local_u8LedState.1244
                0x00800081        0x1 ./main.o
 *(COMMON)
                0x00800082                PROVIDE (__bss_end, .)
                0x00000cf8                __data_load_start = LOADADDR (.data)
                0x00000cf8                __data_load_end = (__data_load_start + SIZEOF (.data))

.noinit         0x00800082        0x0
                0x00800082                PROVIDE (__noinit_start, .)
 *(.noinit*)
                0x00800082                PROVIDE (__noinit_end, .)
                0x00800082                _end = .
                0x00800082                PROVIDE (__heap_start, .)

.eeprom         0x00810000        0x0
 *(.eeprom*)
                0x00810000                __eeprom_end = .

.fuse
 *(.fuse)
 *(.lfuse)
 *(.hfuse)
 *(.efuse)

.lock
 *(.lock*)

.signature
 *(.signature*)

.stab           0x00000000     0x1278
 *(.stab)
 .stab          0x00000000      0x528 ./DIO_prog.o
 .stab          0x00000528      0x144 ./GIE_prog.o
                                0x1c8 (size before relaxing)
 .stab          0x0000066c      0x168 ./PORT_prog.o
                                0x1ec (size before relaxing)
 .stab          0x000007d4      0x3b4 ./RTOS_prog.o
                                0x438 (size before relaxing)
 .stab          0x00000b88      0x474 ./TIMER_0_prog.o
                                0x4f8 (size before relaxing)
 .stab          0x00000ffc      0x27c ./main.o
                                0x300 (size before relaxing)

.stabstr        0x00000000      0x8b0
 *(.stabstr)
 .stabstr       0x00000000      0x8b0 ./DIO_prog.o

.stab.excl
 *(.stab.excl)

.stab.exclstr
 *(.stab.exclstr)

.stab.index
 *(.stab.index)

.stab.indexstr
 *(.stab.indexstr)

.comment
 *(.comment)

.debug
 *(.debug)

.line
 *(.line)

.debug_srcinfo
 *(.debug_srcinfo)

.debug_sfnames
 *(.debug_sfnames)

.debug_aranges
 *(.debug_aranges)

.debug_pubnames
 *(.debug_pubnames)

.debug_info
 *(.debug_info)
 *(.gnu.linkonce.wi.*)

.debug_abbrev
 *(.debug_abbrev)

.debug_line
 *(.debug_line)

.debug_frame
 *(.debug_frame)

.debug_str
 *(.debug_str)

.debug_loc
 *(.debug_loc)

.debug_macinfo
 *(.debug_macinfo)
OUTPUT(RTOS_TCB.elf elf32-avr)
LOAD linker stubs
