
Memory Configuration

Name             Origin             Length             Attributes
SRAM             0x20000000         0x00010000         xrw
FLASH            0x08000000         0x00040000         rw
*default*        0x00000000         0xffffffff

Linker script and memory map

                0x20010000                _estack = (ORIGIN (SRAM) + LENGTH (SRAM))
                0x00000200                _Min_Heap_Size = 0x200
                0x00000400                _Min_Stack_Size = 0x400

.isr_vector     0x08000000      0x120
                0x08000000                . = ALIGN (0x4)
 *(.isr_vector)
 .isr_vector    0x08000000      0x120 startup_stm32f401xx.o
                0x08000000                vector_Table
                0x08000120                . = ALIGN (0x4)

.text           0x08000120       0xbc
                0x08000120                . = ALIGN (0x4)
                0x08000120                _stext = .
 *(.text)
 .text          0x08000120       0xb0 startup_stm32f401xx.o
                0x08000120                EXTI2_IRQHandler
                0x08000120                DebugMon_Handler
                0x08000120                SPI4_IRQHandler
                0x08000120                TIM1_CC_IRQHandler
                0x08000120                DMA2_Stream5_IRQHandler
                0x08000120                HardFault_Handler
                0x08000120                DMA1_Stream5_IRQHandler
                0x08000120                SysTick_Handler
                0x08000120                SDIO_IRQHandler
                0x08000120                PendSV_Handler
                0x08000120                NMI_Handler
                0x08000120                EXTI3_IRQHandler
                0x08000120                TIM1_UP_TIM10_IRQHandler
                0x08000120                I2C3_ER_IRQHandler
                0x08000120                EXTI18_OTG_FS_WKUP_IRQHandler
                0x08000120                EXTI0_IRQHandler
                0x08000120                I2C2_EV_IRQHandler
                0x08000120                DMA1_Stream2_IRQHandler
                0x08000120                FPU_IRQHandler
                0x08000120                UsageFault_Handler
                0x08000120                DMA2_Stream2_IRQHandler
                0x08000120                SPI1_IRQHandler
                0x08000120                TIM1_BRK_TIM9_IRQHandler
                0x08000120                DMA2_Stream3_IRQHandler
                0x08000120                USART6_IRQHandler
                0x08000120                DMA2_Stream6_IRQHandler
                0x08000120                DMA2_Stream0_IRQHandler
                0x08000120                TIM4_IRQHandler
                0x08000120                EXTI21_TAMP_STAMP_IRQHandler
                0x08000120                I2C1_EV_IRQHandler
                0x08000120                DMA1_Stream6_IRQHandler
                0x08000120                DMA1_Stream1_IRQHandler
                0x08000120                TIM3_IRQHandler
                0x08000120                RCC_IRQHandler
                0x08000120                DMA1_Stream3_IRQHandler
                0x08000120                EXTI15_10_IRQHandler
                0x08000120                ADC_IRQHandler
                0x08000120                DMA1_Stream7_IRQHandler
                0x08000120                TIM5_IRQHandler
                0x08000120                DMA2_Stream7_IRQHandler
                0x08000120                I2C3_EV_IRQHandler
                0x08000120                System_Initialization
                0x08000120                EXTI9_5_IRQHandler
                0x08000120                SPI2_IRQHandler
                0x08000120                MemManage_Handler
                0x08000120                DMA1_Stream0_IRQHandler
                0x08000120                SVC_Handler
                0x08000120                EXTI4_IRQHandler
                0x08000120                EXTI22_RTC_WKUP_IRQHandler
                0x08000120                WWDG_IRQHandler
                0x08000120                TIM2_IRQHandler
                0x08000120                EXTI16_PVD_IRQHandler
                0x08000120                TIM1_TRG_COM_TIM11_IRQHandler
                0x08000120                EXTI1_IRQHandler
                0x08000120                EXTI17_RTC_Alarm_IRQHandler
                0x08000120                USART2_IRQHandler
                0x08000120                I2C2_ER_IRQHandler
                0x08000120                DMA2_Stream1_IRQHandler
                0x08000120                FLASH_IRQHandler
                0x08000120                DMA2_Stream4_IRQHandler
                0x08000120                BusFault_Handler
                0x08000120                USART1_IRQHandler
                0x08000120                OTG_FS_IRQHandler
                0x08000120                SPI3_IRQHandler
                0x08000120                DMA1_Stream4_IRQHandler
                0x08000120                I2C1_ER_IRQHandler
                0x0800012c                Reset_Handler
                0x080001c4                Default_Handler
 .text          0x080001d0        0xc application.o
                0x080001d0                main
 *(.text*)
                0x080001dc                . = ALIGN (0x4)
                0x080001dc                _etext = .

.glue_7         0x080001dc        0x0
 .glue_7        0x080001dc        0x0 linker stubs

.glue_7t        0x080001dc        0x0
 .glue_7t       0x080001dc        0x0 linker stubs

.vfp11_veneer   0x080001dc        0x0
 .vfp11_veneer  0x080001dc        0x0 linker stubs

.v4_bx          0x080001dc        0x0
 .v4_bx         0x080001dc        0x0 linker stubs

.iplt           0x080001dc        0x0
 .iplt          0x080001dc        0x0 startup_stm32f401xx.o

.rodata         0x080001dc        0x4
                0x080001dc                . = ALIGN (0x4)
 *(.rodata)
 .rodata        0x080001dc        0x4 startup_stm32f401xx.o
                0x080001dc                MSP_Value
 *(.rodata*)
                0x080001e0                . = ALIGN (0x4)
                0x080001e0                _erodata = .
                0x080001e0                _sidata = LOADADDR (.data)

.rel.dyn        0x080001e0        0x0
 .rel.iplt      0x080001e0        0x0 startup_stm32f401xx.o

.data           0x20000000        0x0 load address 0x080001e0
                0x20000000                . = ALIGN (0x4)
                0x20000000                _sdata = .
 *(.data)
 .data          0x20000000        0x0 startup_stm32f401xx.o
 .data          0x20000000        0x0 application.o
 *(.data*)
                0x20000000                . = ALIGN (0x4)
                0x20000000                _edata = .

.igot.plt       0x20000000        0x0 load address 0x080001e0
 .igot.plt      0x20000000        0x0 startup_stm32f401xx.o

.bss            0x20000000        0x0 load address 0x080001e0
                0x20000000                . = ALIGN (0x4)
                0x20000000                _sbss = .
 *(.bss)
 .bss           0x20000000        0x0 startup_stm32f401xx.o
 .bss           0x20000000        0x0 application.o
 *(.bss*)
                0x20000000                . = ALIGN (0x4)
                0x20000000                _ebss = .

._user_heap_stack
                0x20000000      0x600 load address 0x080001e0
                0x20000000                . = ALIGN (0x8)
                0x20000200                . = (. + _Min_Heap_Size)
 *fill*         0x20000000      0x200 
                0x20000600                . = (. + _Min_Stack_Size)
 *fill*         0x20000200      0x400 
                0x20000600                . = ALIGN (0x8)
LOAD startup_stm32f401xx.o
LOAD application.o
OUTPUT(startup_stm32f401xx.elf elf32-littlearm)
LOAD linker stubs

.comment        0x00000000       0x49
 .comment       0x00000000       0x49 startup_stm32f401xx.o
                                 0x4a (size before relaxing)
 .comment       0x00000049       0x4a application.o

.ARM.attributes
                0x00000000       0x2e
 .ARM.attributes
                0x00000000       0x2e startup_stm32f401xx.o
 .ARM.attributes
                0x0000002e       0x2e application.o
